Product: MDK-ARM Professional 5.10
Component: ARM Compiler 5.04 update 1 (build 49)
Tool: armlink [5040049]

==============================================================================

Section Cross References

    stm32f0xx_hal_rcc_ex.o(i.HAL_RCCEx_GetPeriphCLKFreq) refers to stm32f0xx_hal_rcc.o(i.HAL_RCC_GetPCLK1Freq) for HAL_RCC_GetPCLK1Freq
    stm32f0xx_hal_rcc_ex.o(i.HAL_RCCEx_GetPeriphCLKFreq) refers to stm32f0xx_hal_rcc.o(i.HAL_RCC_GetSysClockFreq) for HAL_RCC_GetSysClockFreq
    stm32f0xx_hal_rcc_ex.o(i.HAL_RCCEx_PeriphCLKConfig) refers to stm32f0xx_hal.o(i.HAL_GetTick) for HAL_GetTick
    stm32f0xx_hal_dma.o(i.HAL_DMA_Abort) refers to stm32f0xx_hal.o(i.HAL_GetTick) for HAL_GetTick
    stm32f0xx_hal_dma.o(i.HAL_DMA_PollForTransfer) refers to stm32f0xx_hal.o(i.HAL_GetTick) for HAL_GetTick
    stm32f0xx_hal_dma.o(i.HAL_DMA_Start) refers to stm32f0xx_hal_dma.o(i.DMA_SetConfig) for DMA_SetConfig
    stm32f0xx_hal_dma.o(i.HAL_DMA_Start_IT) refers to stm32f0xx_hal_dma.o(i.DMA_SetConfig) for DMA_SetConfig
    stm32f0xx_hal_flash.o(i.FLASH_Program_HalfWord) refers to stm32f0xx_hal_flash.o(.bss) for .bss
    stm32f0xx_hal_flash.o(i.FLASH_SetErrorCode) refers to stm32f0xx_hal_flash.o(.bss) for .bss
    stm32f0xx_hal_flash.o(i.FLASH_WaitForLastOperation) refers to stm32f0xx_hal.o(i.HAL_GetTick) for HAL_GetTick
    stm32f0xx_hal_flash.o(i.FLASH_WaitForLastOperation) refers to stm32f0xx_hal_flash.o(i.FLASH_SetErrorCode) for FLASH_SetErrorCode
    stm32f0xx_hal_flash.o(i.HAL_FLASH_GetError) refers to stm32f0xx_hal_flash.o(.bss) for .bss
    stm32f0xx_hal_flash.o(i.HAL_FLASH_IRQHandler) refers to stm32f0xx_hal_flash.o(i.FLASH_SetErrorCode) for FLASH_SetErrorCode
    stm32f0xx_hal_flash.o(i.HAL_FLASH_IRQHandler) refers to stm32f0xx_hal_flash.o(i.HAL_FLASH_OperationErrorCallback) for HAL_FLASH_OperationErrorCallback
    stm32f0xx_hal_flash.o(i.HAL_FLASH_IRQHandler) refers to stm32f0xx_hal_flash.o(i.FLASH_Program_HalfWord) for FLASH_Program_HalfWord
    stm32f0xx_hal_flash.o(i.HAL_FLASH_IRQHandler) refers to stm32f0xx_hal_flash.o(i.HAL_FLASH_EndOfOperationCallback) for HAL_FLASH_EndOfOperationCallback
    stm32f0xx_hal_flash.o(i.HAL_FLASH_IRQHandler) refers to stm32f0xx_hal_flash_ex.o(i.FLASH_PageErase) for FLASH_PageErase
    stm32f0xx_hal_flash.o(i.HAL_FLASH_IRQHandler) refers to stm32f0xx_hal_flash.o(.bss) for .bss
    stm32f0xx_hal_flash.o(i.HAL_FLASH_OB_Launch) refers to stm32f0xx_hal_flash.o(i.FLASH_WaitForLastOperation) for FLASH_WaitForLastOperation
    stm32f0xx_hal_flash.o(i.HAL_FLASH_Program) refers to stm32f0xx_hal_flash.o(i.FLASH_WaitForLastOperation) for FLASH_WaitForLastOperation
    stm32f0xx_hal_flash.o(i.HAL_FLASH_Program) refers to llushr.o(.text) for __aeabi_llsr
    stm32f0xx_hal_flash.o(i.HAL_FLASH_Program) refers to stm32f0xx_hal_flash.o(i.FLASH_Program_HalfWord) for FLASH_Program_HalfWord
    stm32f0xx_hal_flash.o(i.HAL_FLASH_Program) refers to stm32f0xx_hal_flash.o(.bss) for .bss
    stm32f0xx_hal_flash.o(i.HAL_FLASH_Program_IT) refers to stm32f0xx_hal_flash.o(i.FLASH_Program_HalfWord) for FLASH_Program_HalfWord
    stm32f0xx_hal_flash.o(i.HAL_FLASH_Program_IT) refers to stm32f0xx_hal_flash.o(.bss) for .bss
    stm32f0xx_hal_flash_ex.o(i.FLASH_MassErase) refers to stm32f0xx_hal_flash.o(.bss) for pFlash
    stm32f0xx_hal_flash_ex.o(i.FLASH_OB_DisableWRP) refers to stm32f0xx_hal_flash.o(i.FLASH_WaitForLastOperation) for FLASH_WaitForLastOperation
    stm32f0xx_hal_flash_ex.o(i.FLASH_OB_DisableWRP) refers to stm32f0xx_hal_flash_ex.o(i.HAL_FLASHEx_OBErase) for HAL_FLASHEx_OBErase
    stm32f0xx_hal_flash_ex.o(i.FLASH_OB_DisableWRP) refers to stm32f0xx_hal_flash.o(.bss) for pFlash
    stm32f0xx_hal_flash_ex.o(i.FLASH_OB_EnableWRP) refers to stm32f0xx_hal_flash.o(i.FLASH_WaitForLastOperation) for FLASH_WaitForLastOperation
    stm32f0xx_hal_flash_ex.o(i.FLASH_OB_EnableWRP) refers to stm32f0xx_hal_flash_ex.o(i.HAL_FLASHEx_OBErase) for HAL_FLASHEx_OBErase
    stm32f0xx_hal_flash_ex.o(i.FLASH_OB_EnableWRP) refers to stm32f0xx_hal_flash.o(.bss) for pFlash
    stm32f0xx_hal_flash_ex.o(i.FLASH_OB_RDP_LevelConfig) refers to stm32f0xx_hal_flash.o(i.FLASH_WaitForLastOperation) for FLASH_WaitForLastOperation
    stm32f0xx_hal_flash_ex.o(i.FLASH_OB_RDP_LevelConfig) refers to stm32f0xx_hal_flash.o(.bss) for pFlash
    stm32f0xx_hal_flash_ex.o(i.FLASH_PageErase) refers to stm32f0xx_hal_flash.o(.bss) for pFlash
    stm32f0xx_hal_flash_ex.o(i.HAL_FLASHEx_Erase) refers to stm32f0xx_hal_flash.o(i.FLASH_WaitForLastOperation) for FLASH_WaitForLastOperation
    stm32f0xx_hal_flash_ex.o(i.HAL_FLASHEx_Erase) refers to stm32f0xx_hal_flash_ex.o(i.FLASH_MassErase) for FLASH_MassErase
    stm32f0xx_hal_flash_ex.o(i.HAL_FLASHEx_Erase) refers to stm32f0xx_hal_flash_ex.o(i.FLASH_PageErase) for FLASH_PageErase
    stm32f0xx_hal_flash_ex.o(i.HAL_FLASHEx_Erase) refers to stm32f0xx_hal_flash.o(.bss) for pFlash
[...]
    _printf_core                             0x08003805   Thumb Code  1754  printfa.o(i._printf_core)
    i._printf_post_padding                   0x08003ef0   Section        0  printfa.o(i._printf_post_padding)
    _printf_post_padding                     0x08003ef1   Thumb Code    32  printfa.o(i._printf_post_padding)
    i._printf_pre_padding                    0x08003f10   Section        0  printfa.o(i._printf_pre_padding)
    _printf_pre_padding                      0x08003f11   Thumb Code    44  printfa.o(i._printf_pre_padding)
    i._sputc                                 0x08003f3c   Section        0  printfa.o(i._sputc)
    _sputc                                   0x08003f3d   Thumb Code    10  printfa.o(i._sputc)
    i.auto_updata_close                      0x08003f48   Section        0  main.o(i.auto_updata_close)
    i.auto_updata_module                     0x08003f88   Section        0  main.o(i.auto_updata_module)
    i.auto_updata_sim                        0x08004080   Section        0  main.o(i.auto_updata_sim)
    i.button_addListener                     0x08004140   Section        0  button.o(i.button_addListener)
    i.button_clearStatus                     0x08004190   Section        0  button.o(i.button_clearStatus)
    i.button_getStatus                       0x080041a8   Section        0  button.o(i.button_getStatus)
    i.button_init                            0x08004334   Section        0  button.o(i.button_init)
    i.button_removeListener                  0x08004378   Section        0  button.o(i.button_removeListener)
    i.button_run                             0x080043b4   Section        0  button.o(i.button_run)
    i.button_tick                            0x080043e8   Section        0  button.o(i.button_tick)
    i.cJSON_AddItemToArray                   0x08004454   Section        0  cjson.o(i.cJSON_AddItemToArray)
    i.cJSON_AddItemToObject                  0x08004474   Section        0  cjson.o(i.cJSON_AddItemToObject)
    i.cJSON_CreateNumber                     0x080044a0   Section        0  cjson.o(i.cJSON_CreateNumber)
    i.cJSON_CreateObject                     0x080044c4   Section        0  cjson.o(i.cJSON_CreateObject)
    i.cJSON_CreateString                     0x080044d4   Section        0  cjson.o(i.cJSON_CreateString)
    i.cJSON_Delete                           0x080044f0   Section        0  cjson.o(i.cJSON_Delete)
    i.cJSON_GetObjectItem                    0x08004538   Section        0  cjson.o(i.cJSON_GetObjectItem)
    i.cJSON_New_Item                         0x08004558   Section        0  cjson.o(i.cJSON_New_Item)
    cJSON_New_Item                           0x08004559   Thumb Code    24  cjson.o(i.cJSON_New_Item)
    i.cJSON_Parse                            0x08004574   Section        0  cjson.o(i.cJSON_Parse)
    i.cJSON_ParseWithOpts                    0x08004580   Section        0  cjson.o(i.cJSON_ParseWithOpts)
    i.cJSON_PrintUnformatted                 0x080045e0   Section        0  cjson.o(i.cJSON_PrintUnformatted)
    i.cJSON_strcasecmp                       0x080045ec   Section        0  cjson.o(i.cJSON_strcasecmp)
    cJSON_strcasecmp                         0x080045ed   Thumb Code    70  cjson.o(i.cJSON_strcasecmp)
    i.cJSON_strdup                           0x08004634   Section        0  cjson.o(i.cJSON_strdup)
    cJSON_strdup                             0x08004635   Thumb Code    34  cjson.o(i.cJSON_strdup)
    i.dust_receiveData                       0x0800465c   Section        0  dust.o(i.dust_receiveData)
    i.dust_update                            0x0800467c   Section        0  dust.o(i.dust_update)
    i.execute                                0x080046d0   Section        0  thread.o(i.execute)
    execute                                  0x080046d1   Thumb Code    60  thread.o(i.execute)
    i.fan_detect1                            0x0800470c   Section        0  main.o(i.fan_detect1)
    i.fan_detect2                            0x080047c4   Section        0  main.o(i.fan_detect2)
    i.fan_detect3                            0x08004880   Section        0  main.o(i.fan_detect3)
    i.floor                                  0x0800493c   Section        0  floor.o(i.floor)
    i.fmax                                   0x08004a04   Section        0  fmax.o(i.fmax)
    i.fmin                                   0x08004a40   Section        0  fmin.o(i.fmin)
    i.fpe_init                               0x08004a7c   Section        0  fpe.o(i.fpe_init)
    i.fputc                                  0x08004a94   Section        0  sim808.o(i.fputc)
    i.free                                   0x08004ab8   Section        0  malloc.o(i.free)
    i.getButtonById                          0x08004b0c   Section        0  button.o(i.getButtonById)
    getButtonById                            0x08004b0d   Thumb Code    22  button.o(i.getButtonById)
    i.getThreadGroup                         0x08004b28   Section        0  thread.o(i.getThreadGroup)
    i.getWriteIndex                          0x08004b44   Section        0  sim808.o(i.getWriteIndex)
    getWriteIndex                            0x08004b45   Thumb Code    16  sim808.o(i.getWriteIndex)
    i.get_dust_data                          0x08004b58   Section        0  dust.o(i.get_dust_data)
    i.isButtonPressed                        0x08004e28   Section        0  main.o(i.isButtonPressed)
    i.lastIndex                              0x08004e40   Section        0  sim808.o(i.lastIndex)
    lastIndex                                0x08004e41   Thumb Code    14  sim808.o(i.lastIndex)
    i.main                                   0x08004e54   Section        0  main.o(i.main)
    i.mainThread                             0x08005004   Section        0  main.o(i.mainThread)
    i.malloc                                 0x0800518c   Section        0  malloc.o(i.malloc)
    i.onLongHoldButtonPressed                0x080051f8   Section        0  main.o(i.onLongHoldButtonPressed)
    i.parse_array                            0x08005210   Section        0  cjson.o(i.parse_array)
    parse_array                              0x08005211   Thumb Code   110  cjson.o(i.parse_array)
    i.parse_hex4                             0x08005284   Section        0  cjson.o(i.parse_hex4)
    parse_hex4                               0x08005285   Thumb Code   166  cjson.o(i.parse_hex4)
    i.parse_number                           0x0800532c   Section        0  cjson.o(i.parse_number)
    parse_number                             0x0800532d   Thumb Code   322  cjson.o(i.parse_number)
    i.parse_object                           0x0800547c   Section        0  cjson.o(i.parse_object)
    parse_object                             0x0800547d   Thumb Code   176  cjson.o(i.parse_object)
    i.parse_string                           0x08005530   Section        0  cjson.o(i.parse_string)
    parse_string                             0x08005531   Thumb Code   404  cjson.o(i.parse_string)
    i.parse_value                            0x080056d0   Section        0  cjson.o(i.parse_value)
    parse_value                              0x080056d1   Thumb Code   150  cjson.o(i.parse_value)
    i.pow                                    0x08005784   Section        0  pow.o(i.pow)
    i.print_array                            0x0800616c   Section        0  cjson.o(i.print_array)
    print_array                              0x0800616d   Thumb Code   302  cjson.o(i.print_array)
    i.print_number                           0x080062a4   Section        0  cjson.o(i.print_number)
    print_number                             0x080062a5   Thumb Code   204  cjson.o(i.print_number)
    i.print_object                           0x080063ac   Section        0  cjson.o(i.print_object)
    print_object                             0x080063ad   Thumb Code   582  cjson.o(i.print_object)
    i.print_string_ptr                       0x080065f8   Section        0  cjson.o(i.print_string_ptr)
    print_string_ptr                         0x080065f9   Thumb Code   196  cjson.o(i.print_string_ptr)
    i.print_value                            0x080066d4   Section        0  cjson.o(i.print_value)
    print_value                              0x080066d5   Thumb Code    80  cjson.o(i.print_value)
    i.readFocus                              0x0800673c   Section        0  sim808.o(i.readFocus)
    i.readNewLine                            0x0800676c   Section        0  sim808.o(i.readNewLine)
    readNewLine                              0x0800676d   Thumb Code   142  sim808.o(i.readNewLine)
    i.receiveData                            0x08006804   Section        0  sim808.o(i.receiveData)
    i.reset                                  0x0800686c   Section        0  sim808.o(i.reset)
    reset                                    0x0800686d   Thumb Code    66  sim808.o(i.reset)
    i.setCommandWait                         0x080068c0   Section        0  sim808.o(i.setCommandWait)
    setCommandWait                           0x080068c1   Thumb Code    46  sim808.o(i.setCommandWait)
    i.sim808_GetDeviceId                     0x080068f0   Section        0  sim808.o(i.sim808_GetDeviceId)
    i.sim808_GetInfo                         0x080069a4   Section        0  sim808.o(i.sim808_GetInfo)
    i.sim808_HandleResponse                  0x080069b4   Section        0  main.o(i.sim808_HandleResponse)
    i.sim808_UpdateGPRSStatus                0x08006aa8   Section        0  sim808.o(i.sim808_UpdateGPRSStatus)
    i.sim808_UpdateGSMStatus                 0x08006b74   Section        0  sim808.o(i.sim808_UpdateGSMStatus)
    i.sim808_UpdateInfo                      0x08006bf4   Section        0  sim808.o(i.sim808_UpdateInfo)
    i.sim808_UpdateStatus                    0x08006c30   Section        0  sim808.o(i.sim808_UpdateStatus)
    i.sim808_connectUDP                      0x08006c40   Section        0  sim808.o(i.sim808_connectUDP)
    i.sim808_getReceiveString                0x08006ca8   Section        0  sim808.o(i.sim808_getReceiveString)
    i.sim808_init                            0x08006cb8   Section        0  sim808.o(i.sim808_init)
    i.sim808_run                             0x08006d04   Section        0  sim808.o(i.sim808_run)
    i.sim808_smart                           0x08006d34   Section        0  sim808.o(i.sim808_smart)
    i.sim808_smartStop                       0x08006d5c   Section        0  sim808.o(i.sim808_smartStop)
    i.sim808_udp                             0x08006d90   Section        0  sim808.o(i.sim808_udp)
    i.sim_update_examine                     0x08006df8   Section        0  main.o(i.sim_update_examine)
    i.skip                                   0x08006e20   Section        0  cjson.o(i.skip)
    skip                                     0x08006e21   Thumb Code    20  cjson.o(i.skip)
    i.smart                                  0x08006e34   Section        0  sim808.o(i.smart)
    i.smartInfo                              0x08006e94   Section        0  sim808.o(i.smartInfo)
    i.sqrt                                   0x08006fc8   Section        0  sqrt.o(i.sqrt)
    i.statusChanged                          0x08007010   Section        0  sim808.o(i.statusChanged)
    i.thread_add                             0x08007150   Section        0  thread.o(i.thread_add)
    i.thread_init                            0x08007188   Section        0  thread.o(i.thread_init)
    i.thread_quickAdd                        0x080071b4   Section        0  thread.o(i.thread_quickAdd)
    i.thread_remove                          0x080071f0   Section        0  thread.o(i.thread_remove)
    i.thread_run                             0x08007224   Section        0  thread.o(i.thread_run)
    i.tick_add                               0x08007280   Section        0  tick.o(i.tick_add)
    i.tick_init                              0x08007294   Section        0  tick.o(i.tick_init)
    i.tick_start                             0x080072ac   Section        0  tick.o(i.tick_start)
    i.vSetCommand                            0x080072b8   Section        0  sim808.o(i.vSetCommand)
    vSetCommand                              0x080072b9   Thumb Code    52  sim808.o(i.vSetCommand)
    i.waitUntilBlankLine                     0x0800730c   Section        0  sim808.o(i.waitUntilBlankLine)
    i.waitUntilOk                            0x08007374   Section        0  sim808.o(i.waitUntilOk)
    i.waitUntilRxStopped                     0x0800742c   Section        0  sim808.o(i.waitUntilRxStopped)
    .constdata                               0x0800748c   Section       16  stm32f0xx_hal_rcc.o(.constdata)
    .constdata                               0x0800749c   Section        7  cjson.o(.constdata)
    firstByteMark                            0x0800749c   Data           7  cjson.o(.constdata)
    .constdata                               0x080074a8   Section      136  pow.o(.constdata)
    bp                                       0x080074a8   Data          16  pow.o(.constdata)
    dp_h                                     0x080074b8   Data          16  pow.o(.constdata)
    dp_l                                     0x080074c8   Data          16  pow.o(.constdata)
    L                                        0x080074d8   Data          48  pow.o(.constdata)
    P                                        0x08007508   Data          40  pow.o(.constdata)
    .constdata                               0x08007530   Section        8  qnan.o(.constdata)
    .constdata                               0x08007538   Section      129  ctype_o.o(.constdata)
    .constdata                               0x080075bc   Section        4  ctype_o.o(.constdata)
    table                                    0x080075bc   Data           4  ctype_o.o(.constdata)
    .conststring                             0x080075c0   Section       13  main.o(.conststring)
    .data                                    0x20000000   Section        4  stm32f0xx_hal.o(.data)
    uwTick                                   0x20000000   Data           4  stm32f0xx_hal.o(.data)
    .data                                    0x20000004   Section        4  system_stm32f0xx.o(.data)
    .data                                    0x20000008   Section       80  main.o(.data)
    lasthigh                                 0x20000010   Data           2  main.o(.data)
    lasthigh                                 0x20000012   Data           2  main.o(.data)
    lasthigh                                 0x20000014   Data           2  main.o(.data)
    all                                      0x20000028   Data           4  main.o(.data)
    times                                    0x2000002c   Data           4  main.o(.data)
    all                                      0x20000030   Data           4  main.o(.data)
    times                                    0x20000034   Data           4  main.o(.data)
    all                                      0x20000038   Data           4  main.o(.data)
    times                                    0x2000003c   Data           4  main.o(.data)
    .data                                    0x20000058   Section       12  button.o(.data)
    .data                                    0x20000064   Section       12  cjson.o(.data)
    cJSON_malloc                             0x20000064   Data           4  cjson.o(.data)
    cJSON_free                               0x20000068   Data           4  cjson.o(.data)
    ep                                       0x2000006c   Data           4  cjson.o(.data)
    .data                                    0x20000070   Section       12  dust.o(.data)
    .data                                    0x2000007c   Section        8  fpe.o(.data)
    .data                                    0x20000084   Section        4  thread.o(.data)
    .data                                    0x20000088   Section       12  tick.o(.data)
    .data                                    0x20000098   Section       76  sim808.o(.data)
    g_sim808_localInfo                       0x2000009b   Data           2  sim808.o(.data)
    lastPort                                 0x200000a0   Data           2  sim808.o(.data)
    lastAddress                              0x200000cc   Data           4  sim808.o(.data)
    g_sim808_location_value                  0x200000d0   Data           8  sim808.o(.data)
    .data                                    0x200000e4   Section       64  md5.o(.data)
    .data                                    0x20000124   Section        4  stdout.o(.data)
    .data                                    0x20000128   Section        4  mvars.o(.data)
    .data                                    0x2000012c   Section        4  mvars.o(.data)
    .data                                    0x20000130   Section        4  errno.o(.data)
    _errno                                   0x20000130   Data           4  errno.o(.data)
    .bss                                     0x20000134   Section      100  spi.o(.bss)
    .bss                                     0x20000198   Section      300  tim.o(.bss)
    .bss                                     0x200002c4   Section      336  usart.o(.bss)
    .bss                                     0x20000414   Section       96  dust.o(.bss)
    .bss                                     0x20000478   Section      344  sim808.o(.bss)
    g_sim808_Info                            0x20000478   Data          88  sim808.o(.bss)
    HEAP                                     0x200005d0   Section     2560  startup_stm32f030x8.o(HEAP)
    STACK                                    0x20000fd0   Section     1024  startup_stm32f030x8.o(STACK)

    Global Symbols

    Symbol Name                              Value     Ov Type        Size  Object(Section)

    BuildAttributes$$THM_ISAv3M$S$PE$A:L22$X:L11$S22$IEEE1$IW$USESV6$~STKCKD$USESV7$~SHL$OTIME$ROPI$IEEEX$EBA8$MICROLIB$REQ8$PRES8$EABIv2 0x00000000   Number         0  anon$$obj.o ABSOLUTE
    __ARM_use_no_argv                        0x00000000   Number         0  main.o ABSOLUTE
    _printf_a                                0x00000000   Number         0  stubs.o ABSOLUTE
    _printf_c                                0x00000000   Number         0  stubs.o ABSOLUTE
    _printf_charcount                        0x00000000   Number         0  stubs.o ABSOLUTE
    _printf_d                                0x00000000   Number         0  stubs.o ABSOLUTE
    _printf_e                                0x00000000   Number         0  stubs.o ABSOLUTE
    _printf_f                                0x00000000   Number         0  stubs.o ABSOLUTE
    _printf_flags                            0x00000000   Number         0  stubs.o ABSOLUTE
    _printf_fp_dec                           0x00000000   Number         0  stubs.o ABSOLUTE
    _printf_fp_hex                           0x00000000   Number         0  stubs.o ABSOLUTE
    _printf_g                                0x00000000   Number         0  stubs.o ABSOLUTE
    _printf_i                                0x00000000   Number         0  stubs.o ABSOLUTE
    _printf_int_dec                          0x00000000   Number         0  stubs.o ABSOLUTE
    _printf_l                                0x00000000   Number         0  stubs.o ABSOLUTE
    _printf_lc                               0x00000000   Number         0  stubs.o ABSOLUTE
    _printf_ll                               0x00000000   Number         0  stubs.o ABSOLUTE
    _printf_lld                              0x00000000   Number         0  stubs.o ABSOLUTE
    _printf_lli                              0x00000000   Number         0  stubs.o ABSOLUTE
    _printf_llo                              0x00000000   Number         0  stubs.o ABSOLUTE
    _printf_llu                              0x00000000   Number         0  stubs.o ABSOLUTE
    _printf_llx                              0x00000000   Number         0  stubs.o ABSOLUTE
    _printf_longlong_dec                     0x00000000   Number         0  stubs.o ABSOLUTE
    _printf_longlong_hex                     0x00000000   Number         0  stubs.o ABSOLUTE
    _printf_longlong_oct                     0x00000000   Number         0  stubs.o ABSOLUTE
    _printf_ls                               0x00000000   Number         0  stubs.o ABSOLUTE
    _printf_mbtowc                           0x00000000   Number         0  stubs.o ABSOLUTE
    _printf_n                                0x00000000   Number         0  stubs.o ABSOLUTE
    _printf_o                                0x00000000   Number         0  stubs.o ABSOLUTE
    _printf_p                                0x00000000   Number         0  stubs.o ABSOLUTE
    _printf_percent                          0x00000000   Number         0  stubs.o ABSOLUTE
    _printf_pre_padding                      0x00000000   Number         0  stubs.o ABSOLUTE
    _printf_return_value                     0x00000000   Number         0  stubs.o ABSOLUTE
    _printf_s                                0x00000000   Number         0  stubs.o ABSOLUTE
    _printf_sizespec                         0x00000000   Number         0  stubs.o ABSOLUTE
    _printf_str                              0x00000000   Number         0  stubs.o ABSOLUTE
    _printf_truncate_signed                  0x00000000   Number         0  stubs.o ABSOLUTE
    _printf_truncate_unsigned                0x00000000   Number         0  stubs.o ABSOLUTE
    _printf_u                                0x00000000   Number         0  stubs.o ABSOLUTE
    _printf_wc                               0x00000000   Number         0  stubs.o ABSOLUTE
    _printf_wctomb                           0x00000000   Number         0  stubs.o ABSOLUTE
    _printf_widthprec                        0x00000000   Number         0  stubs.o ABSOLUTE
    _printf_x                                0x00000000   Number         0  stubs.o ABSOLUTE
    __cpp_initialize__aeabi_                  - Undefined Weak Reference
    __cxa_finalize                            - Undefined Weak Reference
    _clock_init                               - Undefined Weak Reference
    _microlib_exit                            - Undefined Weak Reference
    __Vectors_Size                           0x000000b4   Number         0  startup_stm32f030x8.o ABSOLUTE
    __Vectors                                0x08000000   Data           4  startup_stm32f030x8.o(RESET)
    __Vectors_End                            0x080000b4   Data           0  startup_stm32f030x8.o(RESET)
    __main                                   0x080000b5   Thumb Code     0  entry.o(.ARM.Collect$$$$00000000)
    _main_stk                                0x080000b5   Thumb Code     0  entry2.o(.ARM.Collect$$$$00000001)
    _main_scatterload                        0x080000b9   Thumb Code     0  entry5.o(.ARM.Collect$$$$00000004)
    __main_after_scatterload                 0x080000bd   Thumb Code     0  entry5.o(.ARM.Collect$$$$00000004)
    _main_clock                              0x080000bd   Thumb Code     0  entry7b.o(.ARM.Collect$$$$00000008)
    _main_cpp_init                           0x080000bd   Thumb Code     0  entry8b.o(.ARM.Collect$$$$0000000A)
    _main_init                               0x080000bd   Thumb Code     0  entry9a.o(.ARM.Collect$$$$0000000B)
    __rt_final_cpp                           0x080000c5   Thumb Code     0  entry10a.o(.ARM.Collect$$$$0000000D)
    __rt_final_exit                          0x080000c5   Thumb Code     0  entry11a.o(.ARM.Collect$$$$0000000F)
    Reset_Handler                            0x080000c9   Thumb Code     8  startup_stm32f030x8.o(.text)
    SVC_Handler                              0x080000d5   Thumb Code     2  startup_stm32f030x8.o(.text)
    PendSV_Handler                           0x080000d7   Thumb Code     2  startup_stm32f030x8.o(.text)
    ADC1_IRQHandler                          0x080000db   Thumb Code     0  startup_stm32f030x8.o(.text)
    DMA1_Channel1_IRQHandler                 0x080000db   Thumb Code     0  startup_stm32f030x8.o(.text)
    EXTI0_1_IRQHandler                       0x080000db   Thumb Code     0  startup_stm32f030x8.o(.text)
    EXTI2_3_IRQHandler                       0x080000db   Thumb Code     0  startup_stm32f030x8.o(.text)
    EXTI4_15_IRQHandler                      0x080000db   Thumb Code     0  startup_stm32f030x8.o(.text)
    FLASH_IRQHandler                         0x080000db   Thumb Code     0  startup_stm32f030x8.o(.text)
    I2C1_IRQHandler                          0x080000db   Thumb Code     0  startup_stm32f030x8.o(.text)
    I2C2_IRQHandler                          0x080000db   Thumb Code     0  startup_stm32f030x8.o(.text)
    RCC_IRQHandler                           0x080000db   Thumb Code     0  startup_stm32f030x8.o(.text)
    RTC_IRQHandler                           0x080000db   Thumb Code     0  startup_stm32f030x8.o(.text)
    SPI1_IRQHandler                          0x080000db   Thumb Code     0  startup_stm32f030x8.o(.text)
    SPI2_IRQHandler                          0x080000db   Thumb Code     0  startup_stm32f030x8.o(.text)
    TIM15_IRQHandler                         0x080000db   Thumb Code     0  startup_stm32f030x8.o(.text)
    TIM16_IRQHandler                         0x080000db   Thumb Code     0  startup_stm32f030x8.o(.text)
    TIM17_IRQHandler                         0x080000db   Thumb Code     0  startup_stm32f030x8.o(.text)
    TIM1_BRK_UP_TRG_COM_IRQHandler           0x080000db   Thumb Code     0  startup_stm32f030x8.o(.text)
    TIM1_CC_IRQHandler                       0x080000db   Thumb Code     0  startup_stm32f030x8.o(.text)
    TIM3_IRQHandler                          0x080000db   Thumb Code     0  startup_stm32f030x8.o(.text)
    USART1_IRQHandler                        0x080000db   Thumb Code     0  startup_stm32f030x8.o(.text)
    USART2_IRQHandler                        0x080000db   Thumb Code     0  startup_stm32f030x8.o(.text)
    WWDG_IRQHandler                          0x080000db   Thumb Code     0  startup_stm32f030x8.o(.text)
    __aeabi_uidiv                            0x080000e5   Thumb Code     0  uidiv.o(.text)
    __aeabi_uidivmod                         0x080000e5   Thumb Code    44  uidiv.o(.text)
    __aeabi_idiv                             0x08000111   Thumb Code     0  idiv.o(.text)
    __aeabi_idivmod                          0x08000111   Thumb Code    40  idiv.o(.text)
    __aeabi_llsr                             0x08000139   Thumb Code    34  llushr.o(.text)
    _ll_ushift_r                             0x08000139   Thumb Code     0  llushr.o(.text)
    tolower                                  0x0800015b   Thumb Code    12  tolower.o(.text)
    __aeabi_memcpy                           0x08000167   Thumb Code    36  memcpya.o(.text)
    __aeabi_memcpy4                          0x08000167   Thumb Code     0  memcpya.o(.text)
    __aeabi_memcpy8                          0x08000167   Thumb Code     0  memcpya.o(.text)
    __aeabi_memset                           0x0800018b   Thumb Code    14  memseta.o(.text)
    __aeabi_memset4                          0x0800018b   Thumb Code     0  memseta.o(.text)
    __aeabi_memset8                          0x0800018b   Thumb Code     0  memseta.o(.text)
    __aeabi_memclr                           0x08000199   Thumb Code     4  memseta.o(.text)
    __aeabi_memclr4                          0x08000199   Thumb Code     0  memseta.o(.text)
    __aeabi_memclr8                          0x08000199   Thumb Code     0  memseta.o(.text)
    _memset$wrapper                          0x0800019d   Thumb Code    18  memseta.o(.text)
    strstr                                   0x080001af   Thumb Code    40  strstr.o(.text)
    strncpy                                  0x080001d7   Thumb Code    26  strncpy.o(.text)
    strchr                                   0x080001f1   Thumb Code    20  strchr.o(.text)
    strlen                                   0x08000205   Thumb Code    14  strlen.o(.text)
    strcmp                                   0x08000213   Thumb Code    28  strcmp.o(.text)
    strcpy                                   0x0800022f   Thumb Code    18  strcpy.o(.text)
    strncmp                                  0x08000241   Thumb Code    30  strncmp.o(.text)
    strcasecmp                               0x0800025f   Thumb Code    38  strcasecmp.o(.text)
    __aeabi_uread4                           0x08000285   Thumb Code    20  uread4.o(.text)
    __rt_uread4                              0x08000285   Thumb Code     0  uread4.o(.text)
    _uread4                                  0x08000285   Thumb Code     0  uread4.o(.text)
    atoi                                     0x08000299   Thumb Code    26  atoi.o(.text)
    __aeabi_dadd                             0x080002b5   Thumb Code   328  dadd.o(.text)
    __aeabi_dsub                             0x080003fd   Thumb Code    12  dadd.o(.text)
    __aeabi_drsub                            0x08000409   Thumb Code    12  dadd.o(.text)
    __aeabi_dmul                             0x08000419   Thumb Code   202  dmul.o(.text)
    __aeabi_ddiv                             0x080004e9   Thumb Code   234  ddiv.o(.text)
    __aeabi_i2d                              0x080005d9   Thumb Code    34  dflti.o(.text)
    __aeabi_ui2d                             0x08000601   Thumb Code    24  dfltui.o(.text)
    __aeabi_d2iz                             0x0800061d   Thumb Code    62  dfixi.o(.text)
    __aeabi_d2uiz                            0x08000665   Thumb Code    50  dfixui.o(.text)
    __aeabi_cdcmpeq                          0x080006a1   Thumb Code     0  cdcmple.o(.text)
    __aeabi_cdcmple                          0x080006a1   Thumb Code    38  cdcmple.o(.text)
    __aeabi_cdrcmple                         0x080006c9   Thumb Code    38  cdrcmple.o(.text)
    __aeabi_uldivmod                         0x080006f1   Thumb Code    96  uldiv.o(.text)
    __aeabi_llsl                             0x08000751   Thumb Code    32  llshl.o(.text)
    _ll_shift_l                              0x08000751   Thumb Code     0  llshl.o(.text)
    __aeabi_lasr                             0x08000771   Thumb Code    38  llsshr.o(.text)
    _ll_sshift_r                             0x08000771   Thumb Code     0  llsshr.o(.text)
    strtol                                   0x08000799   Thumb Code   108  strtol.o(.text)
    __I$use$fp                               0x08000809   Thumb Code     0  iusefp.o(.text)
    _double_round                            0x08000809   Thumb Code    26  depilogue.o(.text)
    _double_epilogue                         0x08000823   Thumb Code   164  depilogue.o(.text)
    __ARM_scalbn                             0x080008c7   Thumb Code    44  dscalb.o(.text)
    scalbn                                   0x080008c7   Thumb Code     0  dscalb.o(.text)
    __aeabi_d2ulz                            0x080008f5   Thumb Code    54  dfixul.o(.text)
    __ARM_dcmp4                              0x08000935   Thumb Code    88  dcmp4.o(.text)
    _dcmp4                                   0x08000935   Thumb Code     0  dcmp4.o(.text)
    __scatterload                            0x08000995   Thumb Code    28  init.o(.text)
    __scatterload_rt2                        0x08000995   Thumb Code     0  init.o(.text)
    __rt_ctype_table                         0x080009b9   Thumb Code     4  ctype_o.o(.text)
    _strtoul                                 0x080009c1   Thumb Code   166  _strtoul.o(.text)
    _dsqrt                                   0x08000a67   Thumb Code   162  dsqrt.o(.text)
    _chval                                   0x08000b09   Thumb Code    30  _chval.o(.text)
    __decompress                             0x08000b27   Thumb Code     0  __dczerorl.o(.text)
    __decompress0                            0x08000b27   Thumb Code    58  __dczerorl.o(.text)
    DMA1_Channel2_3_IRQHandler               0x08000b61   Thumb Code    10  stm32f0xx_it.o(i.DMA1_Channel2_3_IRQHandler)
    DMA1_Channel4_5_IRQHandler               0x08000b71   Thumb Code    10  stm32f0xx_it.o(i.DMA1_Channel4_5_IRQHandler)
    Fan_init                                 0x08000ba1   Thumb Code    72  main.o(i.Fan_init)
    HAL_DMA_IRQHandler                       0x08000bf5   Thumb Code   470  stm32f0xx_hal_dma.o(i.HAL_DMA_IRQHandler)
    HAL_DMA_Init                             0x08000dd1   Thumb Code    78  stm32f0xx_hal_dma.o(i.HAL_DMA_Init)
    HAL_DMA_Start_IT                         0x08000e25   Thumb Code    78  stm32f0xx_hal_dma.o(i.HAL_DMA_Start_IT)
    HAL_Delay                                0x08000e73   Thumb Code    22  stm32f0xx_hal.o(i.HAL_Delay)
    HAL_GPIO_Init                            0x08000e89   Thumb Code   302  stm32f0xx_hal_gpio.o(i.HAL_GPIO_Init)
    HAL_GPIO_ReadPin                         0x08000fd1   Thumb Code    10  stm32f0xx_hal_gpio.o(i.HAL_GPIO_ReadPin)
    HAL_GPIO_WritePin                        0x08000fdb   Thumb Code    12  stm32f0xx_hal_gpio.o(i.HAL_GPIO_WritePin)
    HAL_GetTick                              0x08000fe9   Thumb Code     6  stm32f0xx_hal.o(i.HAL_GetTick)
    HAL_IncTick                              0x08000ff5   Thumb Code    10  stm32f0xx_hal.o(i.HAL_IncTick)
    HAL_Init                                 0x08001005   Thumb Code    26  stm32f0xx_hal.o(i.HAL_Init)
    HAL_InitTick                             0x08001025   Thumb Code    34  stm32f0xx_hal.o(i.HAL_InitTick)
    HAL_MspInit                              0x08001049   Thumb Code    30  stm32f0xx_hal_msp.o(i.HAL_MspInit)
    HAL_NVIC_EnableIRQ                       0x0800106d   Thumb Code    14  stm32f0xx_hal_cortex.o(i.HAL_NVIC_EnableIRQ)
    HAL_NVIC_SetPriority                     0x08001081   Thumb Code     8  stm32f0xx_hal_cortex.o(i.HAL_NVIC_SetPriority)
    HAL_RCCEx_PeriphCLKConfig                0x08001089   Thumb Code   182  stm32f0xx_hal_rcc_ex.o(i.HAL_RCCEx_PeriphCLKConfig)
    HAL_RCC_ClockConfig                      0x0800114d   Thumb Code   260  stm32f0xx_hal_rcc.o(i.HAL_RCC_ClockConfig)
    HAL_RCC_GetHCLKFreq                      0x0800125d   Thumb Code    26  stm32f0xx_hal_rcc.o(i.HAL_RCC_GetHCLKFreq)
    HAL_RCC_GetPCLK1Freq                     0x08001285   Thumb Code    22  stm32f0xx_hal_rcc.o(i.HAL_RCC_GetPCLK1Freq)
    HAL_RCC_GetSysClockFreq                  0x080012a5   Thumb Code    76  stm32f0xx_hal_rcc.o(i.HAL_RCC_GetSysClockFreq)
    HAL_RCC_OscConfig                        0x0800131d   Thumb Code   892  stm32f0xx_hal_rcc.o(i.HAL_RCC_OscConfig)
    HAL_SPI_Init                             0x080016a5   Thumb Code   204  stm32f0xx_hal_spi.o(i.HAL_SPI_Init)
    HAL_SPI_MspInit                          0x08001775   Thumb Code    60  spi.o(i.HAL_SPI_MspInit)
    HAL_SYSTICK_CLKSourceConfig              0x080017b9   Thumb Code    20  stm32f0xx_hal_cortex.o(i.HAL_SYSTICK_CLKSourceConfig)
    HAL_SYSTICK_Callback                     0x080017d1   Thumb Code     2  stm32f0xx_hal_cortex.o(i.HAL_SYSTICK_Callback)
    HAL_SYSTICK_Config                       0x080017d5   Thumb Code    38  stm32f0xx_hal_cortex.o(i.HAL_SYSTICK_Config)
    HAL_SYSTICK_IRQHandler                   0x08001805   Thumb Code     8  stm32f0xx_hal_cortex.o(i.HAL_SYSTICK_IRQHandler)
    HAL_TIMEx_BreakCallback                  0x0800180d   Thumb Code     2  stm32f0xx_hal_tim_ex.o(i.HAL_TIMEx_BreakCallback)
    HAL_TIMEx_CommutationCallback            0x0800180f   Thumb Code     2  stm32f0xx_hal_tim_ex.o(i.HAL_TIMEx_CommutationCallback)
    HAL_TIMEx_ConfigBreakDeadTime            0x08001811   Thumb Code    60  stm32f0xx_hal_tim_ex.o(i.HAL_TIMEx_ConfigBreakDeadTime)
    HAL_TIMEx_MasterConfigSynchronization    0x0800184d   Thumb Code    72  stm32f0xx_hal_tim_ex.o(i.HAL_TIMEx_MasterConfigSynchronization)
    HAL_TIM_Base_Init                        0x08001895   Thumb Code    52  stm32f0xx_hal_tim.o(i.HAL_TIM_Base_Init)
    HAL_TIM_Base_MspInit                     0x080018c9   Thumb Code    80  tim.o(i.HAL_TIM_Base_MspInit)
    HAL_TIM_Base_Start_IT                    0x08001929   Thumb Code    22  stm32f0xx_hal_tim.o(i.HAL_TIM_Base_Start_IT)
    HAL_TIM_ConfigClockSource                0x0800193f   Thumb Code   238  stm32f0xx_hal_tim.o(i.HAL_TIM_ConfigClockSource)
    HAL_TIM_IC_CaptureCallback               0x08001a2d   Thumb Code     2  stm32f0xx_hal_tim.o(i.HAL_TIM_IC_CaptureCallback)
    HAL_TIM_IRQHandler                       0x08001a2f   Thumb Code   354  stm32f0xx_hal_tim.o(i.HAL_TIM_IRQHandler)
    HAL_TIM_MspPostInit                      0x08001b91   Thumb Code   104  tim.o(i.HAL_TIM_MspPostInit)
    HAL_TIM_OC_DelayElapsedCallback          0x08001c0d   Thumb Code     2  stm32f0xx_hal_tim.o(i.HAL_TIM_OC_DelayElapsedCallback)
    HAL_TIM_PWM_ConfigChannel                0x08001c0f   Thumb Code   208  stm32f0xx_hal_tim.o(i.HAL_TIM_PWM_ConfigChannel)
    HAL_TIM_PWM_Init                         0x08001cdf   Thumb Code    52  stm32f0xx_hal_tim.o(i.HAL_TIM_PWM_Init)
    HAL_TIM_PWM_MspInit                      0x08001d15   Thumb Code    48  tim.o(i.HAL_TIM_PWM_MspInit)
    HAL_TIM_PWM_PulseFinishedCallback        0x08001d51   Thumb Code     2  stm32f0xx_hal_tim.o(i.HAL_TIM_PWM_PulseFinishedCallback)
    HAL_TIM_PWM_Start                        0x08001d55   Thumb Code    62  stm32f0xx_hal_tim.o(i.HAL_TIM_PWM_Start)
    HAL_TIM_PWM_Stop                         0x08001da5   Thumb Code    96  stm32f0xx_hal_tim.o(i.HAL_TIM_PWM_Stop)
    HAL_TIM_PeriodElapsedCallback            0x08001e19   Thumb Code    36  tick.o(i.HAL_TIM_PeriodElapsedCallback)
    HAL_TIM_TriggerCallback                  0x08001e41   Thumb Code     2  stm32f0xx_hal_tim.o(i.HAL_TIM_TriggerCallback)
    HAL_UART_ErrorCallback                   0x08001e43   Thumb Code     2  stm32f0xx_hal_uart.o(i.HAL_UART_ErrorCallback)
    HAL_UART_Init                            0x08001e45   Thumb Code   108  stm32f0xx_hal_uart.o(i.HAL_UART_Init)
    HAL_UART_MspInit                         0x08001eb1   Thumb Code   170  usart.o(i.HAL_UART_MspInit)
    HAL_UART_Receive_DMA                     0x08001f75   Thumb Code   120  stm32f0xx_hal_uart.o(i.HAL_UART_Receive_DMA)
    HAL_UART_RxCpltCallback                  0x08001ff9   Thumb Code     2  stm32f0xx_hal_uart.o(i.HAL_UART_RxCpltCallback)
    HAL_UART_RxHalfCpltCallback              0x08001ffb   Thumb Code     2  stm32f0xx_hal_uart.o(i.HAL_UART_RxHalfCpltCallback)
    HAL_UART_Transmit                        0x08001ffd   Thumb Code   186  stm32f0xx_hal_uart.o(i.HAL_UART_Transmit)
    HardFault_Handler                        0x080020b7   Thumb Code     2  stm32f0xx_it.o(i.HardFault_Handler)
    LED_UNLIGNT                              0x080020b9   Thumb Code    52  main.o(i.LED_UNLIGNT)
    MD5Decode                                0x080020f5   Thumb Code    46  md5.o(i.MD5Decode)
    MD5Encode                                0x08002123   Thumb Code    44  md5.o(i.MD5Encode)
    MD5Final                                 0x08002151   Thumb Code    68  md5.o(i.MD5Final)
    MD5Init                                  0x08002199   Thumb Code    28  md5.o(i.MD5Init)
    MD5Transform                             0x080021bd   Thumb Code  1754  md5.o(i.MD5Transform)
    MD5Update                                0x080028f5   Thumb Code   104  md5.o(i.MD5Update)
    MX_DMA_Init                              0x0800295d   Thumb Code    52  dma.o(i.MX_DMA_Init)
    MX_GPIO_Init                             0x08002995   Thumb Code   246  gpio.o(i.MX_GPIO_Init)
    MX_SPI1_Init                             0x08002aa5   Thumb Code    60  spi.o(i.MX_SPI1_Init)
    MX_TIM14_Init                            0x08002ae9   Thumb Code    28  tim.o(i.MX_TIM14_Init)
    MX_TIM15_Init                            0x08002b0d   Thumb Code   116  tim.o(i.MX_TIM15_Init)
    MX_TIM16_Init                            0x08002b89   Thumb Code   100  tim.o(i.MX_TIM16_Init)
    MX_TIM1_Init                             0x08002bf9   Thumb Code   156  tim.o(i.MX_TIM1_Init)
    MX_TIM3_Init                             0x08002c9d   Thumb Code    82  tim.o(i.MX_TIM3_Init)
    MX_USART1_UART_Init                      0x08002cfd   Thumb Code    40  usart.o(i.MX_USART1_UART_Init)
    MX_USART2_UART_Init                      0x08002d2d   Thumb Code    40  usart.o(i.MX_USART2_UART_Init)
    NMI_Handler                              0x08002d5d   Thumb Code     2  stm32f0xx_it.o(i.NMI_Handler)
    PM2D5_init                               0x08002da5   Thumb Code    48  dust.o(i.PM2D5_init)
    SysTick_Handler                          0x08002df9   Thumb Code    12  stm32f0xx_it.o(i.SysTick_Handler)
    SystemClock_Config                       0x08002e05   Thumb Code   100  main.o(i.SystemClock_Config)
    SystemInit                               0x08002e69   Thumb Code    78  system_stm32f0xx.o(i.SystemInit)
    TIM14_IRQHandler                         0x08002ec5   Thumb Code    10  stm32f0xx_it.o(i.TIM14_IRQHandler)
    TIM_Base_SetConfig                       0x08002ed5   Thumb Code   104  stm32f0xx_hal_tim.o(i.TIM_Base_SetConfig)
    TIM_CCxChannelCmd                        0x08002f55   Thumb Code    22  stm32f0xx_hal_tim.o(i.TIM_CCxChannelCmd)
    TIM_OC2_SetConfig                        0x08003019   Thumb Code   110  stm32f0xx_hal_tim.o(i.TIM_OC2_SetConfig)
    UART2_Config_B2                          0x080031d1   Thumb Code    22  dust.o(i.UART2_Config_B2)
    UART_AdvFeatureConfig                    0x080031ed   Thumb Code   202  stm32f0xx_hal_uart.o(i.UART_AdvFeatureConfig)
    UART_CheckIdleState                      0x080032b7   Thumb Code    16  stm32f0xx_hal_uart.o(i.UART_CheckIdleState)
    UART_SetConfig                           0x08003329   Thumb Code   268  stm32f0xx_hal_uart.o(i.UART_SetConfig)
    UART_WaitOnFlagUntilTimeout              0x0800344d   Thumb Code   174  stm32f0xx_hal_uart.o(i.UART_WaitOnFlagUntilTimeout)
    __0printf                                0x080034fd   Thumb Code    24  printfa.o(i.__0printf)
    __1printf                                0x080034fd   Thumb Code     0  printfa.o(i.__0printf)
    __2printf                                0x080034fd   Thumb Code     0  printfa.o(i.__0printf)
    __c89printf                              0x080034fd   Thumb Code     0  printfa.o(i.__0printf)
    printf                                   0x080034fd   Thumb Code     0  printfa.o(i.__0printf)
    __0sprintf                               0x0800351d   Thumb Code    36  printfa.o(i.__0sprintf)
    __1sprintf                               0x0800351d   Thumb Code     0  printfa.o(i.__0sprintf)
    __2sprintf                               0x0800351d   Thumb Code     0  printfa.o(i.__0sprintf)
    __c89sprintf                             0x0800351d   Thumb Code     0  printfa.o(i.__0sprintf)
    sprintf                                  0x0800351d   Thumb Code     0  printfa.o(i.__0sprintf)
    __ARM_clz                                0x08003545   Thumb Code    46  depilogue.o(i.__ARM_clz)
    __ARM_common_switch8                     0x08003573   Thumb Code    26  stm32f0xx_hal_tim.o(i.__ARM_common_switch8)
    __ARM_fpclassify                         0x0800358d   Thumb Code    40  fpclassify.o(i.__ARM_fpclassify)
    __aeabi_errno_addr                       0x080035b9   Thumb Code     4  errno.o(i.__aeabi_errno_addr)
    __rt_errno_addr                          0x080035b9   Thumb Code     0  errno.o(i.__aeabi_errno_addr)
    __kernel_poly                            0x080035c1   Thumb Code   172  poly.o(i.__kernel_poly)
    __mathlib_dbl_underflow                  0x0800366d   Thumb Code    14  dunder.o(i.__mathlib_dbl_underflow)
    __scatterload_copy                       0x08003681   Thumb Code    14  handlers.o(i.__scatterload_copy)
    __scatterload_null                       0x0800368f   Thumb Code     2  handlers.o(i.__scatterload_null)
    __scatterload_zeroinit                   0x08003691   Thumb Code    14  handlers.o(i.__scatterload_zeroinit)
    __set_errno                              0x080036a1   Thumb Code     6  errno.o(i.__set_errno)
    auto_updata_close                        0x08003f49   Thumb Code    52  main.o(i.auto_updata_close)
    auto_updata_module                       0x08003f89   Thumb Code   184  main.o(i.auto_updata_module)
    auto_updata_sim                          0x08004081   Thumb Code   158  main.o(i.auto_updata_sim)
    button_addListener                       0x08004141   Thumb Code    76  button.o(i.button_addListener)
    button_clearStatus                       0x08004191   Thumb Code    18  button.o(i.button_clearStatus)
    button_getStatus                         0x080041a9   Thumb Code   372  button.o(i.button_getStatus)
    button_init                              0x08004335   Thumb Code    64  button.o(i.button_init)
    button_removeListener                    0x08004379   Thumb Code    56  button.o(i.button_removeListener)
    button_run                               0x080043b5   Thumb Code    46  button.o(i.button_run)
    button_tick                              0x080043e9   Thumb Code   102  button.o(i.button_tick)
    cJSON_AddItemToArray                     0x08004455   Thumb Code    30  cjson.o(i.cJSON_AddItemToArray)
    cJSON_AddItemToObject                    0x08004475   Thumb Code    40  cjson.o(i.cJSON_AddItemToObject)
    cJSON_CreateNumber                       0x080044a1   Thumb Code    36  cjson.o(i.cJSON_CreateNumber)
    cJSON_CreateObject                       0x080044c5   Thumb Code    16  cjson.o(i.cJSON_CreateObject)
    cJSON_CreateString                       0x080044d5   Thumb Code    28  cjson.o(i.cJSON_CreateString)
    cJSON_Delete                             0x080044f1   Thumb Code    66  cjson.o(i.cJSON_Delete)
    cJSON_GetObjectItem                      0x08004539   Thumb Code    30  cjson.o(i.cJSON_GetObjectItem)
    cJSON_Parse                              0x08004575   Thumb Code    12  cjson.o(i.cJSON_Parse)
    cJSON_ParseWithOpts                      0x08004581   Thumb Code    90  cjson.o(i.cJSON_ParseWithOpts)
    cJSON_PrintUnformatted                   0x080045e1   Thumb Code    12  cjson.o(i.cJSON_PrintUnformatted)
    dust_receiveData                         0x0800465d   Thumb Code    32  dust.o(i.dust_receiveData)
    dust_update                              0x0800467d   Thumb Code    50  dust.o(i.dust_update)
    fan_detect1                              0x0800470d   Thumb Code   172  main.o(i.fan_detect1)
    fan_detect2                              0x080047c5   Thumb Code   170  main.o(i.fan_detect2)
    fan_detect3                              0x08004881   Thumb Code   170  main.o(i.fan_detect3)
    floor                                    0x0800493d   Thumb Code   180  floor.o(i.floor)
    fmax                                     0x08004a05   Thumb Code    56  fmax.o(i.fmax)
    fmin                                     0x08004a41   Thumb Code    56  fmin.o(i.fmin)
    fpe_init                                 0x08004a7d   Thumb Code    20  fpe.o(i.fpe_init)
    fputc                                    0x08004a95   Thumb Code    32  sim808.o(i.fputc)
    free                                     0x08004ab9   Thumb Code    80  malloc.o(i.free)
    getThreadGroup                           0x08004b29   Thumb Code    22  thread.o(i.getThreadGroup)
    get_dust_data                            0x08004b59   Thumb Code   674  dust.o(i.get_dust_data)
    isButtonPressed                          0x08004e29   Thumb Code    24  main.o(i.isButtonPressed)
    main                                     0x08004e55   Thumb Code   342  main.o(i.main)
    mainThread                               0x08005005   Thumb Code   294  main.o(i.mainThread)
    malloc                                   0x0800518d   Thumb Code    92  malloc.o(i.malloc)
    onLongHoldButtonPressed                  0x080051f9   Thumb Code    20  main.o(i.onLongHoldButtonPressed)
    pow                                      0x08005785   Thumb Code  2526  pow.o(i.pow)
    readFocus                                0x0800673d   Thumb Code    44  sim808.o(i.readFocus)
    receiveData                              0x08006805   Thumb Code    92  sim808.o(i.receiveData)
    sim808_GetDeviceId                       0x080068f1   Thumb Code   150  sim808.o(i.sim808_GetDeviceId)
    sim808_GetInfo                           0x080069a5   Thumb Code    12  sim808.o(i.sim808_GetInfo)
    sim808_HandleResponse                    0x080069b5   Thumb Code   190  main.o(i.sim808_HandleResponse)
    sim808_UpdateGPRSStatus                  0x08006aa9   Thumb Code   130  sim808.o(i.sim808_UpdateGPRSStatus)
    sim808_UpdateGSMStatus                   0x08006b75   Thumb Code    82  sim808.o(i.sim808_UpdateGSMStatus)
    sim808_UpdateInfo                        0x08006bf5   Thumb Code    50  sim808.o(i.sim808_UpdateInfo)
    sim808_UpdateStatus                      0x08006c31   Thumb Code    16  sim808.o(i.sim808_UpdateStatus)
    sim808_connectUDP                        0x08006c41   Thumb Code    68  sim808.o(i.sim808_connectUDP)
    sim808_getReceiveString                  0x08006ca9   Thumb Code    10  sim808.o(i.sim808_getReceiveString)
    sim808_init                              0x08006cb9   Thumb Code    58  sim808.o(i.sim808_init)
    sim808_run                               0x08006d05   Thumb Code    38  sim808.o(i.sim808_run)
    sim808_smart                             0x08006d35   Thumb Code    34  sim808.o(i.sim808_smart)
    sim808_smartStop                         0x08006d5d   Thumb Code    32  sim808.o(i.sim808_smartStop)
    sim808_udp                               0x08006d91   Thumb Code    92  sim808.o(i.sim808_udp)
    sim_update_examine                       0x08006df9   Thumb Code    36  main.o(i.sim_update_examine)
    smart                                    0x08006e35   Thumb Code    70  sim808.o(i.smart)
    smartInfo                                0x08006e95   Thumb Code   228  sim808.o(i.smartInfo)
    sqrt                                     0x08006fc9   Thumb Code    66  sqrt.o(i.sqrt)
    statusChanged                            0x08007011   Thumb Code   180  sim808.o(i.statusChanged)
    thread_add                               0x08007151   Thumb Code    54  thread.o(i.thread_add)
    thread_init                              0x08007189   Thumb Code    38  thread.o(i.thread_init)
    thread_quickAdd                          0x080071b5   Thumb Code    60  thread.o(i.thread_quickAdd)
    thread_remove                            0x080071f1   Thumb Code    52  thread.o(i.thread_remove)
    thread_run                               0x08007225   Thumb Code    86  thread.o(i.thread_run)
    tick_add                                 0x08007281   Thumb Code    20  tick.o(i.tick_add)
    tick_init                                0x08007295   Thumb Code    20  tick.o(i.tick_init)
    tick_start                               0x080072ad   Thumb Code     8  tick.o(i.tick_start)
    waitUntilBlankLine                       0x0800730d   Thumb Code    94  sim808.o(i.waitUntilBlankLine)
    waitUntilOk                              0x08007375   Thumb Code   142  sim808.o(i.waitUntilOk)
    waitUntilRxStopped                       0x0800742d   Thumb Code    90  sim808.o(i.waitUntilRxStopped)
    aAPBAHBPrescTable                        0x0800748c   Data          16  stm32f0xx_hal_rcc.o(.constdata)
    __mathlib_zero                           0x08007530   Data           8  qnan.o(.constdata)
    __ctype_table                            0x08007538   Data         129  ctype_o.o(.constdata)
    Region$$Table$$Base                      0x080075d0   Number         0  anon$$obj.o(Region$$Table)
    Region$$Table$$Limit                     0x080075f0   Number         0  anon$$obj.o(Region$$Table)
    SystemCoreClock                          0x20000004   Data           4  system_stm32f0xx.o(.data)
    g_main_startSleep                        0x20000008   Data           1  main.o(.data)
    power                                    0x20000009   Data           1  main.o(.data)
    last_g_main_status                       0x2000000a   Data           1  main.o(.data)
    g_main_status                            0x2000000b   Data           1  main.o(.data)
    g_main_udpPortDefault                    0x2000000c   Data           2  main.o(.data)
    g_main_udpPort                           0x2000000e   Data           2  main.o(.data)
    g_main_udpAddressDefault                 0x20000018   Data           4  main.o(.data)
    g_main_udpAddress                        0x2000001c   Data           4  main.o(.data)
    g_FanFrequency                           0x20000020   Data           4  main.o(.data)
    mode                                     0x20000024   Data           4  main.o(.data)
    fre_1                                    0x20000040   Data           4  main.o(.data)
    fre_2                                    0x20000044   Data           4  main.o(.data)
    fre_3                                    0x20000048   Data           4  main.o(.data)
    fan                                      0x20000050   Data           8  main.o(.data)
    g_button_start                           0x20000058   Data           4  button.o(.data)
    g_button_listener                        0x2000005c   Data           4  button.o(.data)
    g_button_tick                            0x20000060   Data           4  button.o(.data)
    PMnumber1_0                              0x20000070   Data           4  dust.o(.data)
    PMnumber2_5                              0x20000074   Data           4  dust.o(.data)
    PMnumber10                               0x20000078   Data           4  dust.o(.data)
    g_fpe_page1                              0x2000007c   Data           4  fpe.o(.data)
    g_fpe_page2                              0x20000080   Data           4  fpe.o(.data)
    g_thread_start                           0x20000084   Data           4  thread.o(.data)
    g_tick_start                             0x20000088   Data           1  tick.o(.data)
    g_tick_tick                              0x2000008c   Data           4  tick.o(.data)
    g_tick_htim                              0x20000090   Data           4  tick.o(.data)
    g_sim808_status                          0x20000098   Data           1  sim808.o(.data)
    g_sim808_isAtMode                        0x20000099   Data           1  sim808.o(.data)
    g_sim808_smartStarted                    0x2000009a   Data           1  sim808.o(.data)
    g_sim808_bufferIndex                     0x2000009e   Data           2  sim808.o(.data)
    g_sim808_huart                           0x200000a4   Data           4  sim808.o(.data)
    g_sim808_dmaRemain                       0x200000a8   Data           4  sim808.o(.data)
    g_sim808_smartTick                       0x200000ac   Data           4  sim808.o(.data)
    g_sim808_resetTick                       0x200000b0   Data           4  sim808.o(.data)
    g_sim808_receiveString                   0x200000b4   Data           4  sim808.o(.data)
    g_sim808_ssidString                      0x200000b8   Data           4  sim808.o(.data)
    g_sim808_passwordString                  0x200000bc   Data           4  sim808.o(.data)
    g_sim808_smartFirstReceived              0x200000c0   Data           4  sim808.o(.data)
    g_sim808_smartSsidAndPasswordReceived    0x200000c4   Data           4  sim808.o(.data)
    g_sim808_responseJson                    0x200000c8   Data           4  sim808.o(.data)
    g_sim808_focus                           0x200000d8   Data          12  sim808.o(.data)
    PADDING                                  0x200000e4   Data          64  md5.o(.data)
    __stdout                                 0x20000124   Data           4  stdout.o(.data)
    __microlib_freelist                      0x20000128   Data           4  mvars.o(.data)
    __microlib_freelist_initialised          0x2000012c   Data           4  mvars.o(.data)
    hspi1                                    0x20000134   Data         100  spi.o(.bss)
    htim1                                    0x20000198   Data          60  tim.o(.bss)
    htim3                                    0x200001d4   Data          60  tim.o(.bss)
    htim14                                   0x20000210   Data          60  tim.o(.bss)
    htim15                                   0x2000024c   Data          60  tim.o(.bss)
    htim16                                   0x20000288   Data          60  tim.o(.bss)
    huart1                                   0x200002c4   Data         112  usart.o(.bss)
    huart2                                   0x20000334   Data         112  usart.o(.bss)
    hdma_usart1_rx                           0x200003a4   Data          56  usart.o(.bss)
    hdma_usart2_rx                           0x200003dc   Data          56  usart.o(.bss)
    g_uart2Buffer                            0x20000414   Data          64  dust.o(.bss)
    g_firPM                                  0x20000454   Data          32  dust.o(.bss)
    g_sim808_buffer                          0x200004d0   Data         256  sim808.o(.bss)
    __heap_base                              0x200005d0   Data           0  startup_stm32f030x8.o(HEAP)
    __heap_limit                             0x20000fd0   Data           0  startup_stm32f030x8.o(HEAP)
    __initial_sp                             0x200013d0   Data           0  startup_stm32f030x8.o(STACK)



==============================================================================

Memory Map of the image

  Image Entry point : 0x080000b5

  Load Region LR_IROM1 (Base: 0x08000000, Size: 0x00007724, Max: 0x00010000, ABSOLUTE, COMPRESSED[0x00007628])

    Execution Region ER_IROM1 (Base: 0x08000000, Size: 0x000075f0, Max: 0x00010000, ABSOLUTE)

    Base Addr    Size         Type   Attr      Idx    E Section Name        Object

    0x08000000   0x000000b4   Data   RO         2677    RESET               startup_stm32f030x8.o
    0x080000b4   0x00000000   Code   RO         4177  * .ARM.Collect$$$$00000000  mc_p.l(entry.o)
    0x080000b4   0x00000004   Code   RO         4544    .ARM.Collect$$$$00000001  mc_p.l(entry2.o)
    0x080000b8   0x00000004   Code   RO         4547    .ARM.Collect$$$$00000004  mc_p.l(entry5.o)
    0x080000bc   0x00000000   Code   RO         4549    .ARM.Collect$$$$00000008  mc_p.l(entry7b.o)
    0x080000bc   0x00000000   Code   RO         4551    .ARM.Collect$$$$0000000A  mc_p.l(entry8b.o)
    0x080000bc   0x00000008   Code   RO         4552    .ARM.Collect$$$$0000000B  mc_p.l(entry9a.o)
    0x080000c4   0x00000000   Code   RO         4554    .ARM.Collect$$$$0000000D  mc_p.l(entry10a.o)
    0x080000c4   0x00000000   Code   RO         4556    .ARM.Collect$$$$0000000F  mc_p.l(entry11a.o)
    0x080000c4   0x00000004   Code   RO         4545    .ARM.Collect$$$$00002712  mc_p.l(entry2.o)
    0x080000c8   0x0000001c   Code   RO         2678    .text               startup_stm32f030x8.o
    0x080000e4   0x0000002c   Code   RO         4180    .text               mc_p.l(uidiv.o)
    0x08000110   0x00000028   Code   RO         4182    .text               mc_p.l(idiv.o)
    0x08000138   0x00000022   Code   RO         4184    .text               mc_p.l(llushr.o)
    0x0800015a   0x0000000c   Code   RO         4186    .text               mc_p.l(tolower.o)
    0x08000166   0x00000024   Code   RO         4188    .text               mc_p.l(memcpya.o)
    0x0800018a   0x00000024   Code   RO         4190    .text               mc_p.l(memseta.o)
    0x080001ae   0x00000028   Code   RO         4192    .text               mc_p.l(strstr.o)
    0x080001d6   0x0000001a   Code   RO         4194    .text               mc_p.l(strncpy.o)
    0x080001f0   0x00000014   Code   RO         4196    .text               mc_p.l(strchr.o)
    0x08000204   0x0000000e   Code   RO         4198    .text               mc_p.l(strlen.o)
    0x08000212   0x0000001c   Code   RO         4200    .text               mc_p.l(strcmp.o)
    0x0800022e   0x00000012   Code   RO         4202    .text               mc_p.l(strcpy.o)
    0x08000240   0x0000001e   Code   RO         4204    .text               mc_p.l(strncmp.o)
    0x0800025e   0x00000026   Code   RO         4214    .text               mc_p.l(strcasecmp.o)
    0x08000284   0x00000014   Code   RO         4505    .text               mc_p.l(uread4.o)
    0x08000298   0x0000001a   Code   RO         4507    .text               mc_p.l(atoi.o)
    0x080002b2   0x00000002   PAD
    0x080002b4   0x00000164   Code   RO         4509    .text               mf_p.l(dadd.o)
    0x08000418   0x000000d0   Code   RO         4511    .text               mf_p.l(dmul.o)
    0x080004e8   0x000000f0   Code   RO         4513    .text               mf_p.l(ddiv.o)
    0x080005d8   0x00000028   Code   RO         4515    .text               mf_p.l(dflti.o)
    0x08000600   0x0000001c   Code   RO         4517    .text               mf_p.l(dfltui.o)
    0x0800061c   0x00000048   Code   RO         4519    .text               mf_p.l(dfixi.o)
    0x08000664   0x0000003c   Code   RO         4521    .text               mf_p.l(dfixui.o)
    0x080006a0   0x00000028   Code   RO         4525    .text               mf_p.l(cdcmple.o)
    0x080006c8   0x00000028   Code   RO         4527    .text               mf_p.l(cdrcmple.o)
    0x080006f0   0x00000060   Code   RO         4559    .text               mc_p.l(uldiv.o)
    0x08000750   0x00000020   Code   RO         4561    .text               mc_p.l(llshl.o)
    0x08000770   0x00000026   Code   RO         4563    .text               mc_p.l(llsshr.o)
    0x08000796   0x00000002   PAD
    0x08000798   0x00000070   Code   RO         4576    .text               mc_p.l(strtol.o)
    0x08000808   0x00000000   Code   RO         4578    .text               mc_p.l(iusefp.o)
    0x08000808   0x000000be   Code   RO         4579    .text               mf_p.l(depilogue.o)
    0x080008c6   0x0000002c   Code   RO         4583    .text               mf_p.l(dscalb.o)
    0x080008f2   0x00000002   PAD
    0x080008f4   0x00000040   Code   RO         4585    .text               mf_p.l(dfixul.o)
    0x08000934   0x00000060   Code   RO         4587    .text               mf_p.l(dcmp4.o)
    0x08000994   0x00000024   Code   RO         4589    .text               mc_p.l(init.o)
    0x080009b8   0x00000008   Code   RO         4593    .text               mc_p.l(ctype_o.o)
    0x080009c0   0x000000a6   Code   RO         4627    .text               mc_p.l(_strtoul.o)
    0x08000a66   0x000000a2   Code   RO         4629    .text               mf_p.l(dsqrt.o)
    0x08000b08   0x0000001e   Code   RO         4636    .text               mc_p.l(_chval.o)
    0x08000b26   0x0000003a   Code   RO         4652    .text               mc_p.l(__dczerorl.o)
    0x08000b60   0x00000010   Code   RO         2758    i.DMA1_Channel2_3_IRQHandler  stm32f0xx_it.o
    0x08000b70   0x00000010   Code   RO         2759    i.DMA1_Channel4_5_IRQHandler  stm32f0xx_it.o
    0x08000b80   0x0000001e   Code   RO          139    i.DMA_SetConfig     stm32f0xx_hal_dma.o
    0x08000b9e   0x00000002   PAD
    0x08000ba0   0x00000054   Code   RO         2812    i.Fan_init          main.o
    0x08000bf4   0x000001dc   Code   RO          144    i.HAL_DMA_IRQHandler  stm32f0xx_hal_dma.o
    0x08000dd0   0x00000054   Code   RO          145    i.HAL_DMA_Init      stm32f0xx_hal_dma.o
    0x08000e24   0x0000004e   Code   RO          148    i.HAL_DMA_Start_IT  stm32f0xx_hal_dma.o
    0x08000e72   0x00000016   Code   RO          397    i.HAL_Delay         stm32f0xx_hal.o
    0x08000e88   0x00000148   Code   RO          864    i.HAL_GPIO_Init     stm32f0xx_hal_gpio.o
    0x08000fd0   0x0000000a   Code   RO          866    i.HAL_GPIO_ReadPin  stm32f0xx_hal_gpio.o
    0x08000fda   0x0000000c   Code   RO          868    i.HAL_GPIO_WritePin  stm32f0xx_hal_gpio.o
    0x08000fe6   0x00000002   PAD
    0x08000fe8   0x0000000c   Code   RO          401    i.HAL_GetTick       stm32f0xx_hal.o
    0x08000ff4   0x00000010   Code   RO          402    i.HAL_IncTick       stm32f0xx_hal.o
    0x08001004   0x00000020   Code   RO          403    i.HAL_Init          stm32f0xx_hal.o
    0x08001024   0x00000022   Code   RO          404    i.HAL_InitTick      stm32f0xx_hal.o
    0x08001046   0x00000002   PAD
    0x08001048   0x00000024   Code   RO         3155    i.HAL_MspInit       stm32f0xx_hal_msp.o
    0x0800106c   0x00000014   Code   RO         1206    i.HAL_NVIC_EnableIRQ  stm32f0xx_hal_cortex.o
    0x08001080   0x00000008   Code   RO         1210    i.HAL_NVIC_SetPriority  stm32f0xx_hal_cortex.o
    0x08001088   0x000000c4   Code   RO            5    i.HAL_RCCEx_PeriphCLKConfig  stm32f0xx_hal_rcc_ex.o
    0x0800114c   0x00000110   Code   RO         2014    i.HAL_RCC_ClockConfig  stm32f0xx_hal_rcc.o
    0x0800125c   0x00000028   Code   RO         2019    i.HAL_RCC_GetHCLKFreq  stm32f0xx_hal_rcc.o
    0x08001284   0x00000020   Code   RO         2021    i.HAL_RCC_GetPCLK1Freq  stm32f0xx_hal_rcc.o
    0x080012a4   0x00000078   Code   RO         2022    i.HAL_RCC_GetSysClockFreq  stm32f0xx_hal_rcc.o
    0x0800131c   0x00000388   Code   RO         2025    i.HAL_RCC_OscConfig  stm32f0xx_hal_rcc.o
    0x080016a4   0x000000d0   Code   RO         2365    i.HAL_SPI_Init      stm32f0xx_hal_spi.o
    0x08001774   0x00000044   Code   RO         2718    i.HAL_SPI_MspInit   spi.o
    0x080017b8   0x00000018   Code   RO         1212    i.HAL_SYSTICK_CLKSourceConfig  stm32f0xx_hal_cortex.o
    0x080017d0   0x00000002   Code   RO         1213    i.HAL_SYSTICK_Callback  stm32f0xx_hal_cortex.o
    0x080017d2   0x00000002   PAD
    0x080017d4   0x00000030   Code   RO         1214    i.HAL_SYSTICK_Config  stm32f0xx_hal_cortex.o
    0x08001804   0x00000008   Code   RO         1215    i.HAL_SYSTICK_IRQHandler  stm32f0xx_hal_cortex.o
    0x0800180c   0x00000002   Code   RO         2108    i.HAL_TIMEx_BreakCallback  stm32f0xx_hal_tim_ex.o
    0x0800180e   0x00000002   Code   RO         2109    i.HAL_TIMEx_CommutationCallback  stm32f0xx_hal_tim_ex.o
    0x08001810   0x0000003c   Code   RO         2110    i.HAL_TIMEx_ConfigBreakDeadTime  stm32f0xx_hal_tim_ex.o
    0x0800184c   0x00000048   Code   RO         2125    i.HAL_TIMEx_MasterConfigSynchronization  stm32f0xx_hal_tim_ex.o
    0x08001894   0x00000034   Code   RO         1386    i.HAL_TIM_Base_Init  stm32f0xx_hal_tim.o
    0x080018c8   0x00000060   Code   RO         2992    i.HAL_TIM_Base_MspInit  tim.o
    0x08001928   0x00000016   Code   RO         1391    i.HAL_TIM_Base_Start_IT  stm32f0xx_hal_tim.o
    0x0800193e   0x000000ee   Code   RO         1395    i.HAL_TIM_ConfigClockSource  stm32f0xx_hal_tim.o
    0x08001a2c   0x00000002   Code   RO         1415    i.HAL_TIM_IC_CaptureCallback  stm32f0xx_hal_tim.o
    0x08001a2e   0x00000162   Code   RO         1428    i.HAL_TIM_IRQHandler  stm32f0xx_hal_tim.o
    0x08001b90   0x0000007c   Code   RO         2993    i.HAL_TIM_MspPostInit  tim.o
    0x08001c0c   0x00000002   Code   RO         1431    i.HAL_TIM_OC_DelayElapsedCallback  stm32f0xx_hal_tim.o
    0x08001c0e   0x000000d0   Code   RO         1452    i.HAL_TIM_PWM_ConfigChannel  stm32f0xx_hal_tim.o
    0x08001cde   0x00000034   Code   RO         1455    i.HAL_TIM_PWM_Init  stm32f0xx_hal_tim.o
    0x08001d12   0x00000002   PAD
    0x08001d14   0x0000003c   Code   RO         2995    i.HAL_TIM_PWM_MspInit  tim.o
    0x08001d50   0x00000002   Code   RO         1458    i.HAL_TIM_PWM_PulseFinishedCallback  stm32f0xx_hal_tim.o
    0x08001d52   0x00000002   PAD
    0x08001d54   0x00000050   Code   RO         1459    i.HAL_TIM_PWM_Start  stm32f0xx_hal_tim.o
    0x08001da4   0x00000074   Code   RO         1462    i.HAL_TIM_PWM_Stop  stm32f0xx_hal_tim.o
    0x08001e18   0x00000028   Code   RO         3739    i.HAL_TIM_PeriodElapsedCallback  tick.o
    0x08001e40   0x00000002   Code   RO         1469    i.HAL_TIM_TriggerCallback  stm32f0xx_hal_tim.o
    0x08001e42   0x00000002   Code   RO          934    i.HAL_UART_ErrorCallback  stm32f0xx_hal_uart.o
    0x08001e44   0x0000006c   Code   RO          937    i.HAL_UART_Init     stm32f0xx_hal_uart.o
    0x08001eb0   0x000000c4   Code   RO         3112    i.HAL_UART_MspInit  usart.o
    0x08001f74   0x00000084   Code   RO          941    i.HAL_UART_Receive_DMA  stm32f0xx_hal_uart.o
    0x08001ff8   0x00000002   Code   RO          943    i.HAL_UART_RxCpltCallback  stm32f0xx_hal_uart.o
    0x08001ffa   0x00000002   Code   RO          944    i.HAL_UART_RxHalfCpltCallback  stm32f0xx_hal_uart.o
    0x08001ffc   0x000000ba   Code   RO          945    i.HAL_UART_Transmit  stm32f0xx_hal_uart.o
    0x080020b6   0x00000002   Code   RO         2760    i.HardFault_Handler  stm32f0xx_it.o
    0x080020b8   0x0000003c   Code   RO         2813    i.LED_UNLIGNT       main.o
    0x080020f4   0x0000002e   Code   RO         4110    i.MD5Decode         md5.o
    0x08002122   0x0000002c   Code   RO         4111    i.MD5Encode         md5.o
    0x0800214e   0x00000002   PAD
    0x08002150   0x00000048   Code   RO         4112    i.MD5Final          md5.o
    0x08002198   0x00000024   Code   RO         4113    i.MD5Init           md5.o
    0x080021bc   0x00000738   Code   RO         4114    i.MD5Transform      md5.o
    0x080028f4   0x00000068   Code   RO         4115    i.MD5Update         md5.o
    0x0800295c   0x00000038   Code   RO         3091    i.MX_DMA_Init       dma.o
    0x08002994   0x00000110   Code   RO         3071    i.MX_GPIO_Init      gpio.o
    0x08002aa4   0x00000044   Code   RO         2719    i.MX_SPI1_Init      spi.o
    0x08002ae8   0x00000024   Code   RO         2996    i.MX_TIM14_Init     tim.o
    0x08002b0c   0x0000007c   Code   RO         2997    i.MX_TIM15_Init     tim.o
    0x08002b88   0x00000070   Code   RO         2998    i.MX_TIM16_Init     tim.o
    0x08002bf8   0x000000a4   Code   RO         2999    i.MX_TIM1_Init      tim.o
    0x08002c9c   0x00000060   Code   RO         3000    i.MX_TIM3_Init      tim.o
    0x08002cfc   0x00000030   Code   RO         3113    i.MX_USART1_UART_Init  usart.o
    0x08002d2c   0x00000030   Code   RO         3114    i.MX_USART2_UART_Init  usart.o
    0x08002d5c   0x00000002   Code   RO         2761    i.NMI_Handler       stm32f0xx_it.o
    0x08002d5e   0x00000002   PAD
    0x08002d60   0x00000044   Code   RO         1216    i.NVIC_SetPriority  stm32f0xx_hal_cortex.o
    0x08002da4   0x00000054   Code   RO         3551    i.PM2D5_init        dust.o
    0x08002df8   0x0000000c   Code   RO         2762    i.SysTick_Handler   stm32f0xx_it.o
    0x08002e04   0x00000064   Code   RO         2814    i.SystemClock_Config  main.o
    0x08002e68   0x0000005c   Code   RO         2685    i.SystemInit        system_stm32f0xx.o
    0x08002ec4   0x00000010   Code   RO         2763    i.TIM14_IRQHandler  stm32f0xx_it.o
    0x08002ed4   0x00000080   Code   RO         1470    i.TIM_Base_SetConfig  stm32f0xx_hal_tim.o
    0x08002f54   0x00000016   Code   RO         1471    i.TIM_CCxChannelCmd  stm32f0xx_hal_tim.o
    0x08002f6a   0x00000016   Code   RO         1477    i.TIM_ETR_SetConfig  stm32f0xx_hal_tim.o
    0x08002f80   0x00000010   Code   RO         1478    i.TIM_ITRx_SetConfig  stm32f0xx_hal_tim.o
    0x08002f90   0x00000088   Code   RO         1479    i.TIM_OC1_SetConfig  stm32f0xx_hal_tim.o
    0x08003018   0x00000080   Code   RO         1480    i.TIM_OC2_SetConfig  stm32f0xx_hal_tim.o
    0x08003098   0x00000084   Code   RO         1481    i.TIM_OC3_SetConfig  stm32f0xx_hal_tim.o
    0x0800311c   0x0000006c   Code   RO         1482    i.TIM_OC4_SetConfig  stm32f0xx_hal_tim.o
    0x08003188   0x00000022   Code   RO         1484    i.TIM_TI1_ConfigInputStage  stm32f0xx_hal_tim.o
    0x080031aa   0x00000026   Code   RO         1486    i.TIM_TI2_ConfigInputStage  stm32f0xx_hal_tim.o
    0x080031d0   0x0000001c   Code   RO         3552    i.UART2_Config_B2   dust.o
    0x080031ec   0x000000ca   Code   RO          950    i.UART_AdvFeatureConfig  stm32f0xx_hal_uart.o
    0x080032b6   0x00000010   Code   RO          951    i.UART_CheckIdleState  stm32f0xx_hal_uart.o
    0x080032c6   0x00000022   Code   RO          952    i.UART_DMAError     stm32f0xx_hal_uart.o
    0x080032e8   0x00000036   Code   RO          953    i.UART_DMAReceiveCplt  stm32f0xx_hal_uart.o
    0x0800331e   0x0000000a   Code   RO          954    i.UART_DMARxHalfCplt  stm32f0xx_hal_uart.o
    0x08003328   0x00000124   Code   RO          959    i.UART_SetConfig    stm32f0xx_hal_uart.o
    0x0800344c   0x000000ae   Code   RO          961    i.UART_WaitOnFlagUntilTimeout  stm32f0xx_hal_uart.o
    0x080034fa   0x00000002   PAD
    0x080034fc   0x00000020   Code   RO         4449    i.__0printf         mc_p.l(printfa.o)
    0x0800351c   0x00000028   Code   RO         4451    i.__0sprintf        mc_p.l(printfa.o)
    0x08003544   0x0000002e   Code   RO         4581    i.__ARM_clz         mf_p.l(depilogue.o)
    0x08003572   0x0000001a   Code   RO         2005    i.__ARM_common_switch8  stm32f0xx_hal_tim.o
    0x0800358c   0x0000002c   Code   RO         4531    i.__ARM_fpclassify  m_ps.l(fpclassify.o)
    0x080035b8   0x00000008   Code   RO         4567    i.__aeabi_errno_addr  mc_p.l(errno.o)
    0x080035c0   0x000000ac   Code   RO         4533    i.__kernel_poly     m_ps.l(poly.o)
    0x0800366c   0x00000014   Code   RO         4529    i.__mathlib_dbl_underflow  m_ps.l(dunder.o)
    0x08003680   0x0000000e   Code   RO         4646    i.__scatterload_copy  mc_p.l(handlers.o)
    0x0800368e   0x00000002   Code   RO         4647    i.__scatterload_null  mc_p.l(handlers.o)
    0x08003690   0x0000000e   Code   RO         4648    i.__scatterload_zeroinit  mc_p.l(handlers.o)
    0x0800369e   0x00000002   PAD
    0x080036a0   0x0000000c   Code   RO         4569    i.__set_errno       mc_p.l(errno.o)
    0x080036ac   0x00000158   Code   RO         4456    i._fp_digits        mc_p.l(printfa.o)
    0x08003804   0x000006ec   Code   RO         4457    i._printf_core      mc_p.l(printfa.o)
    0x08003ef0   0x00000020   Code   RO         4458    i._printf_post_padding  mc_p.l(printfa.o)
    0x08003f10   0x0000002c   Code   RO         4459    i._printf_pre_padding  mc_p.l(printfa.o)
    0x08003f3c   0x0000000a   Code   RO         4461    i._sputc            mc_p.l(printfa.o)
    0x08003f46   0x00000002   PAD
    0x08003f48   0x00000040   Code   RO         2815    i.auto_updata_close  main.o
    0x08003f88   0x000000f8   Code   RO         2816    i.auto_updata_module  main.o
    0x08004080   0x000000c0   Code   RO         2817    i.auto_updata_sim   main.o
    0x08004140   0x00000050   Code   RO         3173    i.button_addListener  button.o
    0x08004190   0x00000018   Code   RO         3174    i.button_clearStatus  button.o
    0x080041a8   0x0000018c   Code   RO         3176    i.button_getStatus  button.o
    0x08004334   0x00000044   Code   RO         3177    i.button_init       button.o
    0x08004378   0x0000003c   Code   RO         3178    i.button_removeListener  button.o
    0x080043b4   0x00000034   Code   RO         3179    i.button_run        button.o
    0x080043e8   0x0000006c   Code   RO         3180    i.button_tick       button.o
    0x08004454   0x0000001e   Code   RO         3240    i.cJSON_AddItemToArray  cjson.o
    0x08004472   0x00000002   PAD
    0x08004474   0x0000002c   Code   RO         3241    i.cJSON_AddItemToObject  cjson.o
    0x080044a0   0x00000024   Code   RO         3249    i.cJSON_CreateNumber  cjson.o
    0x080044c4   0x00000010   Code   RO         3250    i.cJSON_CreateObject  cjson.o
    0x080044d4   0x0000001c   Code   RO         3251    i.cJSON_CreateString  cjson.o
    0x080044f0   0x00000048   Code   RO         3254    i.cJSON_Delete      cjson.o
    0x08004538   0x0000001e   Code   RO         3263    i.cJSON_GetObjectItem  cjson.o
    0x08004556   0x00000002   PAD
    0x08004558   0x0000001c   Code   RO         3266    i.cJSON_New_Item    cjson.o
    0x08004574   0x0000000c   Code   RO         3267    i.cJSON_Parse       cjson.o
    0x08004580   0x00000060   Code   RO         3268    i.cJSON_ParseWithOpts  cjson.o
    0x080045e0   0x0000000c   Code   RO         3270    i.cJSON_PrintUnformatted  cjson.o
    0x080045ec   0x00000046   Code   RO         3273    i.cJSON_strcasecmp  cjson.o
    0x08004632   0x00000002   PAD
    0x08004634   0x00000028   Code   RO         3274    i.cJSON_strdup      cjson.o
    0x0800465c   0x00000020   Code   RO         3553    i.dust_receiveData  dust.o
    0x0800467c   0x00000054   Code   RO         3554    i.dust_update       dust.o
    0x080046d0   0x0000003c   Code   RO         3669    i.execute           thread.o
    0x0800470c   0x000000b8   Code   RO         2820    i.fan_detect1       main.o
    0x080047c4   0x000000bc   Code   RO         2821    i.fan_detect2       main.o
    0x08004880   0x000000bc   Code   RO         2822    i.fan_detect3       main.o
    0x0800493c   0x000000c8   Code   RO         4160    i.floor             m_ps.l(floor.o)
    0x08004a04   0x0000003c   Code   RO         4163    i.fmax              m_ps.l(fmax.o)
    0x08004a40   0x0000003c   Code   RO         4175    i.fmin              m_ps.l(fmin.o)
    0x08004a7c   0x00000018   Code   RO         3598    i.fpe_init          fpe.o
    0x08004a94   0x00000024   Code   RO         3790    i.fputc             sim808.o
    0x08004ab8   0x00000054   Code   RO         4477    i.free              mc_p.l(malloc.o)
    0x08004b0c   0x0000001c   Code   RO         3181    i.getButtonById     button.o
    0x08004b28   0x0000001c   Code   RO         3670    i.getThreadGroup    thread.o
    0x08004b44   0x00000014   Code   RO         3793    i.getWriteIndex     sim808.o
    0x08004b58   0x000002d0   Code   RO         3555    i.get_dust_data     dust.o
    0x08004e28   0x00000018   Code   RO         2823    i.isButtonPressed   main.o
    0x08004e40   0x00000014   Code   RO         3796    i.lastIndex         sim808.o
    0x08004e54   0x000001b0   Code   RO         2824    i.main              main.o
    0x08005004   0x00000188   Code   RO         2825    i.mainThread        main.o
    0x0800518c   0x0000006c   Code   RO         4478    i.malloc            mc_p.l(malloc.o)
    0x080051f8   0x00000018   Code   RO         2826    i.onLongHoldButtonPressed  main.o
    0x08005210   0x00000074   Code   RO         3276    i.parse_array       cjson.o
    0x08005284   0x000000a6   Code   RO         3277    i.parse_hex4        cjson.o
    0x0800532a   0x00000002   PAD
    0x0800532c   0x00000150   Code   RO         3278    i.parse_number      cjson.o
    0x0800547c   0x000000b4   Code   RO         3279    i.parse_object      cjson.o
    0x08005530   0x000001a0   Code   RO         3280    i.parse_string      cjson.o
    0x080056d0   0x000000b4   Code   RO         3281    i.parse_value       cjson.o
    0x08005784   0x000009e8   Code   RO         4166    i.pow               m_ps.l(pow.o)
    0x0800616c   0x00000138   Code   RO         3282    i.print_array       cjson.o
    0x080062a4   0x00000108   Code   RO         3283    i.print_number      cjson.o
    0x080063ac   0x0000024c   Code   RO         3284    i.print_object      cjson.o
    0x080065f8   0x000000dc   Code   RO         3285    i.print_string_ptr  cjson.o
    0x080066d4   0x00000068   Code   RO         3286    i.print_value       cjson.o
    0x0800673c   0x00000030   Code   RO         3797    i.readFocus         sim808.o
    0x0800676c   0x00000098   Code   RO         3798    i.readNewLine       sim808.o
    0x08006804   0x00000068   Code   RO         3799    i.receiveData       sim808.o
    0x0800686c   0x00000054   Code   RO         3800    i.reset             sim808.o
    0x080068c0   0x0000002e   Code   RO         3802    i.setCommandWait    sim808.o
    0x080068ee   0x00000002   PAD
    0x080068f0   0x000000b4   Code   RO         3803    i.sim808_GetDeviceId  sim808.o
    0x080069a4   0x00000010   Code   RO         3804    i.sim808_GetInfo    sim808.o
    0x080069b4   0x000000f4   Code   RO         2827    i.sim808_HandleResponse  main.o
    0x08006aa8   0x000000cc   Code   RO         3806    i.sim808_UpdateGPRSStatus  sim808.o
    0x08006b74   0x00000080   Code   RO         3808    i.sim808_UpdateGSMStatus  sim808.o
    0x08006bf4   0x0000003c   Code   RO         3809    i.sim808_UpdateInfo  sim808.o
    0x08006c30   0x00000010   Code   RO         3810    i.sim808_UpdateStatus  sim808.o
    0x08006c40   0x00000068   Code   RO         3811    i.sim808_connectUDP  sim808.o
    0x08006ca8   0x00000010   Code   RO         3815    i.sim808_getReceiveString  sim808.o
    0x08006cb8   0x0000004c   Code   RO         3818    i.sim808_init       sim808.o
    0x08006d04   0x00000030   Code   RO         3820    i.sim808_run        sim808.o
    0x08006d34   0x00000028   Code   RO         3825    i.sim808_smart      sim808.o
    0x08006d5c   0x00000034   Code   RO         3826    i.sim808_smartStop  sim808.o
    0x08006d90   0x00000068   Code   RO         3829    i.sim808_udp        sim808.o
    0x08006df8   0x00000028   Code   RO         2828    i.sim_update_examine  main.o
    0x08006e20   0x00000014   Code   RO         3287    i.skip              cjson.o
    0x08006e34   0x00000060   Code   RO         3830    i.smart             sim808.o
    0x08006e94   0x00000134   Code   RO         3831    i.smartInfo         sim808.o
    0x08006fc8   0x00000048   Code   RO         4537    i.sqrt              m_ps.l(sqrt.o)
    0x08007010   0x00000140   Code   RO         3832    i.statusChanged     sim808.o
    0x08007150   0x00000036   Code   RO         3671    i.thread_add        thread.o
    0x08007186   0x00000002   PAD
    0x08007188   0x0000002c   Code   RO         3675    i.thread_init       thread.o
    0x080071b4   0x0000003c   Code   RO         3676    i.thread_quickAdd   thread.o
    0x080071f0   0x00000034   Code   RO         3677    i.thread_remove     thread.o
    0x08007224   0x0000005c   Code   RO         3678    i.thread_run        thread.o
    0x08007280   0x00000014   Code   RO         3740    i.tick_add          tick.o
    0x08007294   0x00000018   Code   RO         3741    i.tick_init         tick.o
    0x080072ac   0x0000000c   Code   RO         3742    i.tick_start        tick.o
    0x080072b8   0x00000054   Code   RO         3833    i.vSetCommand       sim808.o
    0x0800730c   0x00000068   Code   RO         3834    i.waitUntilBlankLine  sim808.o
    0x08007374   0x000000b8   Code   RO         3835    i.waitUntilOk       sim808.o
    0x0800742c   0x00000060   Code   RO         3836    i.waitUntilRxStopped  sim808.o
    0x0800748c   0x00000010   Data   RO         2026    .constdata          stm32f0xx_hal_rcc.o
    0x0800749c   0x00000007   Data   RO         3288    .constdata          cjson.o
    0x080074a3   0x00000005   PAD
    0x080074a8   0x00000088   Data   RO         4167    .constdata          m_ps.l(pow.o)
    0x08007530   0x00000008   Data   RO         4535    .constdata          m_ps.l(qnan.o)
    0x08007538   0x00000081   Data   RO         4594    .constdata          mc_p.l(ctype_o.o)
    0x080075b9   0x00000003   PAD
    0x080075bc   0x00000004   Data   RO         4595    .constdata          mc_p.l(ctype_o.o)
    0x080075c0   0x0000000d   Data   RO         2829    .conststring        main.o
    0x080075cd   0x00000003   PAD
    0x080075d0   0x00000020   Data   RO         4644    Region$$Table       anon$$obj.o


    Execution Region RW_IRAM1 (Base: 0x20000000, Size: 0x000013d0, Max: 0x00002000, ABSOLUTE, COMPRESSED[0x00000038])

    Base Addr    Size         Type   Attr      Idx    E Section Name        Object

    0x20000000   0x00000004   Data   RW          409    .data               stm32f0xx_hal.o
    0x20000004   0x00000004   Data   RW         2687    .data               system_stm32f0xx.o
    0x20000008   0x00000050   Data   RW         2830    .data               main.o
    0x20000058   0x0000000c   Data   RW         3182    .data               button.o
    0x20000064   0x0000000c   Data   RW         3289    .data               cjson.o
    0x20000070   0x0000000c   Data   RW         3557    .data               dust.o
    0x2000007c   0x00000008   Data   RW         3608    .data               fpe.o
    0x20000084   0x00000004   Data   RW         3679    .data               thread.o
    0x20000088   0x0000000c   Data   RW         3744    .data               tick.o
    0x20000094   0x00000004   PAD
    0x20000098   0x0000004c   Data   RW         3841    .data               sim808.o
    0x200000e4   0x00000040   Data   RW         4116    .data               md5.o
    0x20000124   0x00000004   Data   RW         4558    .data               mc_p.l(stdout.o)
    0x20000128   0x00000004   Data   RW         4565    .data               mc_p.l(mvars.o)
    0x2000012c   0x00000004   Data   RW         4566    .data               mc_p.l(mvars.o)
    0x20000130   0x00000004   Data   RW         4570    .data               mc_p.l(errno.o)
    0x20000134   0x00000064   Zero   RW         2720    .bss                spi.o
    0x20000198   0x0000012c   Zero   RW         3001    .bss                tim.o
    0x200002c4   0x00000150   Zero   RW         3115    .bss                usart.o
    0x20000414   0x00000060   Zero   RW         3556    .bss                dust.o
    0x20000474   0x00000004   PAD
    0x20000478   0x00000158   Zero   RW         3839    .bss                sim808.o
    0x200005d0   0x00000a00   Zero   RW         2676    HEAP                startup_stm32f030x8.o
    0x20000fd0   0x00000400   Zero   RW         2675    STACK               startup_stm32f030x8.o


==============================================================================

Image component sizes


      Code (inc. data)   RO Data    RW Data    ZI Data      Debug   Object Name

       816         70          0         12          0       6411   button.o
      3416        226          7         12          0      18676   cjson.o
        56          4          0          0          0        730   dma.o
       948        122          0         12         96       3661   dust.o
        24          4          0          8          0        701   fpe.o
       272         26          0          0          0        999   gpio.o
      2464        428         13         80          0      15661   main.o
      2150        270          0         64          0       4686   md5.o
      2746        666          0         76        344      22492   sim808.o
       136         16          0          0        100       1529   spi.o
        28          8        180          0       3584        604   startup_stm32f030x8.o
       116         18          0          4          0       3886   stm32f0xx_hal.o
       178         28          0          0          0      10855   stm32f0xx_hal_cortex.o
       668         12          0          0          0       3523   stm32f0xx_hal_dma.o
       350         26          0          0          0       2943   stm32f0xx_hal_gpio.o
        36          6          0          0          0        870   stm32f0xx_hal_msp.o
      1368         92         16          0          0       5405   stm32f0xx_hal_rcc.o
       196         14          0          0          0     195824   stm32f0xx_hal_rcc_ex.o
       208          4          0          0          0       1315   stm32f0xx_hal_spi.o
      1920        132          0          0          0      15845   stm32f0xx_hal_tim.o
       136          0          0          0          0       3246   stm32f0xx_hal_tim_ex.o
      1214         36          0          0          0       9653   stm32f0xx_hal_uart.o
        64         18          0          0          0       2669   stm32f0xx_it.o
        92         14          0          4          0       1461   system_stm32f0xx.o
       390         18          0          4          0       4476   thread.o
        96         12          0         12          0       2831   tick.o
       812         98          0          0        300       5300   tim.o
       292         42          0          0        336       2285   usart.o

    ----------------------------------------------------------------------
     21222       2410        256        292       4764     348537   Object Totals
         0          0         32          0          0          0   (incl. Generated)
        30          0          8          4          4          0   (incl. Padding)

    ----------------------------------------------------------------------

      Code (inc. data)   RO Data    RW Data    ZI Data      Debug   Library Member Name

        20          6          0          0          0         68   dunder.o
       200         20          0          0          0         76   floor.o
        60          4          0          0          0         76   fmax.o
        60          4          0          0          0         76   fmin.o
        44          4          0          0          0         60   fpclassify.o
       172          0          0          0          0         76   poly.o
      2536        224        136          0          0        216   pow.o
         0          0          8          0          0          0   qnan.o
        72          6          0          0          0         76   sqrt.o
        58          0          0          0          0          0   __dczerorl.o
        30          0          0          0          0         60   _chval.o
       166          0          0          0          0         84   _strtoul.o
        26          0          0          0          0         72   atoi.o
         8          4        133          0          0         60   ctype_o.o
         0          0          0          0          0          0   entry.o
         0          0          0          0          0          0   entry10a.o
         0          0          0          0          0          0   entry11a.o
         8          4          0          0          0          0   entry2.o
         4          0          0          0          0          0   entry5.o
         0          0          0          0          0          0   entry7b.o
         0          0          0          0          0          0   entry8b.o
         8          4          0          0          0          0   entry9a.o
        20         10          0          4          0        120   errno.o
        30          0          0          0          0          0   handlers.o
        40          0          0          0          0         72   idiv.o
        36          8          0          0          0         68   init.o
         0          0          0          0          0          0   iusefp.o
        32          0          0          0          0         68   llshl.o
        38          0          0          0          0         68   llsshr.o
        34          0          0          0          0         68   llushr.o
       192         20          0          0          0        144   malloc.o
        36          0          0          0          0         60   memcpya.o
        36          0          0          0          0        100   memseta.o
         0          0          0          8          0          0   mvars.o
      2274        102          0          0          0        556   printfa.o
         0          0          0          4          0          0   stdout.o
        38          0          0          0          0         76   strcasecmp.o
        20          0          0          0          0         60   strchr.o
        28          0          0          0          0         68   strcmp.o
        18          0          0          0          0         60   strcpy.o
        14          0          0          0          0         60   strlen.o
        30          0          0          0          0         72   strncmp.o
        26          0          0          0          0         68   strncpy.o
        40          0          0          0          0         72   strstr.o
       112          4          0          0          0         76   strtol.o
        12          0          0          0          0         60   tolower.o
        44          0          0          0          0         72   uidiv.o
        96          0          0          0          0         84   uldiv.o
        20          0          0          0          0         60   uread4.o
        40          2          0          0          0         68   cdcmple.o
        40          2          0          0          0         68   cdrcmple.o
       356          4          0          0          0        140   dadd.o
        96          8          0          0          0         72   dcmp4.o
       240          6          0          0          0         84   ddiv.o
       236          0          0          0          0        216   depilogue.o
        72         10          0          0          0         72   dfixi.o
        60         10          0          0          0         68   dfixui.o
        64         10          0          0          0         68   dfixul.o
        40          6          0          0          0         68   dflti.o
        28          4          0          0          0         68   dfltui.o
       208          6          0          0          0         88   dmul.o
        44          0          0          0          0         72   dscalb.o
       162          0          0          0          0         80   dsqrt.o

    ----------------------------------------------------------------------
      8434        492        280         16          0       4444   Library Totals
        10          0          3          0          0          0   (incl. Padding)

    ----------------------------------------------------------------------

      Code (inc. data)   RO Data    RW Data    ZI Data      Debug   Library Name

      3164        268        144          0          0        724   m_ps.l
      3574        156        133         16          0       2488   mc_p.l
      1686         68          0          0          0       1232   mf_p.l

    ----------------------------------------------------------------------
      8434        492        280         16          0       4444   Library Totals

    ----------------------------------------------------------------------

==============================================================================


      Code (inc. data)   RO Data    RW Data    ZI Data      Debug   

     29656       2902        536        308       4764     342629   Grand Totals
     29656       2902        536         56       4764     342629   ELF Image Totals (compressed)
     29656       2902        536         56          0          0   ROM Totals

==============================================================================

    Total RO  Size (Code + RO Data)                30192 (  29.48kB)
    Total RW  Size (RW Data + ZI Data)              5072 (   4.95kB)
    Total ROM Size (Code + RO Data + RW Data)      30248 (  29.54kB)

==============================================================================

